
*** Running vivado
    with args -log design_1_NOT_port_0_0.vds -m64 -product Vivado -mode batch -messageDb vivado.pb -notrace -source design_1_NOT_port_0_0.tcl


ECHO is off.
ECHO is off.

****** Vivado v2023.1 (64-bit)
  **** SW Build 3865809 on Sun May  7 15:05:29 MDT 2023
  **** IP Build 3864474 on Sun May  7 20:36:21 MDT 2023
  **** SharedData Build 3865790 on Sun May 07 13:33:03 MDT 2023
    ** Copyright 1986-2022 Xilinx, Inc. All Rights Reserved.
    ** Copyright 2022-2023 Advanced Micro Devices, Inc. All Rights Reserved.

source design_1_NOT_port_0_0.tcl -notrace
create_project: Time (s): cpu = 00:00:24 ; elapsed = 00:00:29 . Memory (MB): peak = 424.930 ; gain = 162.324
INFO: [IP_Flow 19-234] Refreshing IP repositories
INFO: [IP_Flow 19-1704] No user IP repositories specified
INFO: [IP_Flow 19-2313] Loaded Vivado IP repository 'C:/Xilinx/Vivado/2023.1/data/ip'.
INFO: [IP_Flow 19-6924] IPCACHE: Running cache check for IP inst: design_1_NOT_port_0_0
Command: synth_design -top design_1_NOT_port_0_0 -part xc7z020clg400-1 -incremental_mode off -mode out_of_context
Starting synth_design
Attempting to get a license for feature 'Synthesis' and/or device 'xc7z020'
INFO: [Common 17-349] Got license for feature 'Synthesis' and/or device 'xc7z020'
INFO: [Designutils 20-5008] Incremental synthesis strategy off
INFO: [Synth 8-7079] Multithreading enabled for synth_design using a maximum of 2 processes.
INFO: [Synth 8-7078] Launching helper process for spawning children vivado processes
INFO: [Synth 8-7075] Helper process launched with PID 8380
---------------------------------------------------------------------------------
Starting Synthesize : Time (s): cpu = 00:00:20 ; elapsed = 00:00:34 . Memory (MB): peak = 877.789 ; gain = 410.703
---------------------------------------------------------------------------------
INFO: [Synth 8-638] synthesizing module 'design_1_NOT_port_0_0' [c:/devWorks/Labo4_oef9/Labo4_oef9.gen/sources_1/bd/design_1/ip/design_1_NOT_port_0_0/synth/design_1_NOT_port_0_0.vhd:63]
INFO: [Synth 8-3491] module 'NOT_port' declared at 'C:/devWorks/Labo4_oef9/Labo4_oef9.srcs/sources_1/new/NOT_Port.vhd:34' bound to instance 'U0' of component 'NOT_port' [c:/devWorks/Labo4_oef9/Labo4_oef9.gen/sources_1/bd/design_1/ip/design_1_NOT_port_0_0/synth/design_1_NOT_port_0_0.vhd:81]
INFO: [Synth 8-638] synthesizing module 'NOT_port' [C:/devWorks/Labo4_oef9/Labo4_oef9.srcs/sources_1/new/NOT_Port.vhd:41]
INFO: [Synth 8-256] done synthesizing module 'NOT_port' (0#1) [C:/devWorks/Labo4_oef9/Labo4_oef9.srcs/sources_1/new/NOT_Port.vhd:41]
INFO: [Synth 8-256] done synthesizing module 'design_1_NOT_port_0_0' (0#1) [c:/devWorks/Labo4_oef9/Labo4_oef9.gen/sources_1/bd/design_1/ip/design_1_NOT_port_0_0/synth/design_1_NOT_port_0_0.vhd:63]
---------------------------------------------------------------------------------
Finished Synthesize : Time (s): cpu = 00:00:26 ; elapsed = 00:00:42 . Memory (MB): peak = 967.633 ; gain = 500.547
---------------------------------------------------------------------------------
---------------------------------------------------------------------------------
Finished Constraint Validation : Time (s): cpu = 00:00:28 ; elapsed = 00:00:45 . Memory (MB): peak = 967.633 ; gain = 500.547
---------------------------------------------------------------------------------
---------------------------------------------------------------------------------
Start Loading Part and Timing Information
---------------------------------------------------------------------------------
Loading part: xc7z020clg400-1
---------------------------------------------------------------------------------
Finished Loading Part and Timing Information : Time (s): cpu = 00:00:28 ; elapsed = 00:00:45 . Memory (MB): peak = 967.633 ; gain = 500.547
---------------------------------------------------------------------------------
INFO: [Device 21-403] Loading part xc7z020clg400-1
---------------------------------------------------------------------------------
Finished RTL Optimization Phase 2 : Time (s): cpu = 00:00:28 ; elapsed = 00:00:45 . Memory (MB): peak = 967.633 ; gain = 500.547
---------------------------------------------------------------------------------
No constraint files found.
---------------------------------------------------------------------------------
Start RTL Component Statistics 
---------------------------------------------------------------------------------
Detailed RTL Component Info : 
---------------------------------------------------------------------------------
Finished RTL Component Statistics 
---------------------------------------------------------------------------------
---------------------------------------------------------------------------------
Start Part Resource Summary
---------------------------------------------------------------------------------
Part Resources:
DSPs: 220 (col length:60)
BRAMs: 280 (col length: RAMB18 60 RAMB36 30)
---------------------------------------------------------------------------------
Finished Part Resource Summary
---------------------------------------------------------------------------------
No constraint files found.
---------------------------------------------------------------------------------
Start Cross Boundary and Area Optimization
---------------------------------------------------------------------------------
WARNING: [Synth 8-7080] Parallel synthesis criteria is not met
---------------------------------------------------------------------------------
Finished Cross Boundary and Area Optimization : Time (s): cpu = 00:00:50 ; elapsed = 00:01:12 . Memory (MB): peak = 1172.797 ; gain = 705.711
---------------------------------------------------------------------------------
No constraint files found.
---------------------------------------------------------------------------------
Start Timing Optimization
---------------------------------------------------------------------------------
---------------------------------------------------------------------------------
Finished Timing Optimization : Time (s): cpu = 00:00:50 ; elapsed = 00:01:12 . Memory (MB): peak = 1173.703 ; gain = 706.617
---------------------------------------------------------------------------------
---------------------------------------------------------------------------------
Start Technology Mapping
---------------------------------------------------------------------------------
---------------------------------------------------------------------------------
Finished Technology Mapping : Time (s): cpu = 00:00:50 ; elapsed = 00:01:12 . Memory (MB): peak = 1173.703 ; gain = 706.617
---------------------------------------------------------------------------------
---------------------------------------------------------------------------------
Start IO Insertion
---------------------------------------------------------------------------------
---------------------------------------------------------------------------------
Start Flattening Before IO Insertion
---------------------------------------------------------------------------------
---------------------------------------------------------------------------------
Finished Flattening Before IO Insertion
---------------------------------------------------------------------------------
---------------------------------------------------------------------------------
Start Final Netlist Cleanup
---------------------------------------------------------------------------------
---------------------------------------------------------------------------------
Finished Final Netlist Cleanup
---------------------------------------------------------------------------------
---------------------------------------------------------------------------------
Finished IO Insertion : Time (s): cpu = 00:01:07 ; elapsed = 00:01:32 . Memory (MB): peak = 1173.703 ; gain = 706.617
---------------------------------------------------------------------------------
---------------------------------------------------------------------------------
Start Renaming Generated Instances
---------------------------------------------------------------------------------
---------------------------------------------------------------------------------
Finished Renaming Generated Instances : Time (s): cpu = 00:01:07 ; elapsed = 00:01:32 . Memory (MB): peak = 1173.703 ; gain = 706.617
---------------------------------------------------------------------------------
---------------------------------------------------------------------------------
Start Rebuilding User Hierarchy
---------------------------------------------------------------------------------
---------------------------------------------------------------------------------
Finished Rebuilding User Hierarchy : Time (s): cpu = 00:01:07 ; elapsed = 00:01:32 . Memory (MB): peak = 1173.703 ; gain = 706.617
---------------------------------------------------------------------------------
---------------------------------------------------------------------------------
Start Renaming Generated Ports
---------------------------------------------------------------------------------
---------------------------------------------------------------------------------
Finished Renaming Generated Ports : Time (s): cpu = 00:01:07 ; elapsed = 00:01:32 . Memory (MB): peak = 1173.703 ; gain = 706.617
---------------------------------------------------------------------------------
---------------------------------------------------------------------------------
Start Handling Custom Attributes
---------------------------------------------------------------------------------
---------------------------------------------------------------------------------
Finished Handling Custom Attributes : Time (s): cpu = 00:01:07 ; elapsed = 00:01:32 . Memory (MB): peak = 1173.703 ; gain = 706.617
---------------------------------------------------------------------------------
---------------------------------------------------------------------------------
Start Renaming Generated Nets
---------------------------------------------------------------------------------
---------------------------------------------------------------------------------
Finished Renaming Generated Nets : Time (s): cpu = 00:01:07 ; elapsed = 00:01:32 . Memory (MB): peak = 1173.703 ; gain = 706.617
---------------------------------------------------------------------------------
---------------------------------------------------------------------------------
Start Writing Synthesis Report
---------------------------------------------------------------------------------

Report BlackBoxes: 
+-+--------------+----------+
| |BlackBox name |Instances |
+-+--------------+----------+
+-+--------------+----------+

Report Cell Usage: 
+------+-----+------+
|      |Cell |Count |
+------+-----+------+
|1     |LUT1 |     1|
+------+-----+------+

Report Instance Areas: 
+------+---------+-------+------+
|      |Instance |Module |Cells |
+------+---------+-------+------+
|1     |top      |       |     1|
+------+---------+-------+------+
---------------------------------------------------------------------------------
Finished Writing Synthesis Report : Time (s): cpu = 00:01:07 ; elapsed = 00:01:32 . Memory (MB): peak = 1173.703 ; gain = 706.617
---------------------------------------------------------------------------------
Synthesis finished with 0 errors, 0 critical warnings and 1 warnings.
Synthesis Optimization Runtime : Time (s): cpu = 00:01:07 ; elapsed = 00:01:32 . Memory (MB): peak = 1173.703 ; gain = 706.617
Synthesis Optimization Complete : Time (s): cpu = 00:01:07 ; elapsed = 00:01:32 . Memory (MB): peak = 1173.703 ; gain = 706.617
