
*** Running vivado
    with args -log design_1_wrapper.vds -m64 -product Vivado -mode batch -messageDb vivado.pb -notrace -source design_1_wrapper.tcl


ECHO is off.
ECHO is off.

****** Vivado v2023.1 (64-bit)
  **** SW Build 3865809 on Sun May  7 15:05:29 MDT 2023
  **** IP Build 3864474 on Sun May  7 20:36:21 MDT 2023
  **** SharedData Build 3865790 on Sun May 07 13:33:03 MDT 2023
    ** Copyright 1986-2022 Xilinx, Inc. All Rights Reserved.
    ** Copyright 2022-2023 Advanced Micro Devices, Inc. All Rights Reserved.

source design_1_wrapper.tcl -notrace
create_project: Time (s): cpu = 00:00:13 ; elapsed = 00:00:16 . Memory (MB): peak = 426.086 ; gain = 162.793
INFO: [IP_Flow 19-234] Refreshing IP repositories
INFO: [IP_Flow 19-1704] No user IP repositories specified
INFO: [IP_Flow 19-2313] Loaded Vivado IP repository 'C:/Xilinx/Vivado/2023.1/data/ip'.
add_files: Time (s): cpu = 00:00:01 ; elapsed = 00:00:10 . Memory (MB): peak = 464.621 ; gain = 34.066
Command: read_checkpoint -auto_incremental -incremental C:/devWorks/Labo_VB2/Labo_VB2.srcs/utils_1/imports/synth_1/design_1_wrapper.dcp
INFO: [Vivado 12-5825] Read reference checkpoint from C:/devWorks/Labo_VB2/Labo_VB2.srcs/utils_1/imports/synth_1/design_1_wrapper.dcp for incremental synthesis
INFO: [Vivado 12-7989] Please ensure there are no constraint changes
Command: synth_design -top design_1_wrapper -part xc7z020clg400-1
Starting synth_design
Attempting to get a license for feature 'Synthesis' and/or device 'xc7z020'
INFO: [Common 17-349] Got license for feature 'Synthesis' and/or device 'xc7z020'
INFO: [Device 21-403] Loading part xc7z020clg400-1
INFO: [Designutils 20-5440] No compile time benefit to using incremental synthesis; A full resynthesis will be run
INFO: [Designutils 20-4379] Flow is switching to default flow due to incremental criteria not met. If you would like to alter this behaviour and have the flow terminate instead, please set the following parameter config_implementation {autoIncr.Synth.RejectBehavior Terminate}
INFO: [Synth 8-7079] Multithreading enabled for synth_design using a maximum of 2 processes.
INFO: [Synth 8-7078] Launching helper process for spawning children vivado processes
INFO: [Synth 8-7075] Helper process launched with PID 2504
---------------------------------------------------------------------------------
Starting RTL Elaboration : Time (s): cpu = 00:00:10 ; elapsed = 00:00:14 . Memory (MB): peak = 1289.590 ; gain = 411.527
---------------------------------------------------------------------------------
INFO: [Synth 8-638] synthesizing module 'design_1_wrapper' [c:/devWorks/Labo_VB2/Labo_VB2.gen/sources_1/bd/design_1/hdl/design_1_wrapper.vhd:21]
INFO: [Synth 8-3491] module 'design_1' declared at 'c:/devWorks/Labo_VB2/Labo_VB2.gen/sources_1/bd/design_1/synth/design_1.vhd:15' bound to instance 'design_1_i' of component 'design_1' [c:/devWorks/Labo_VB2/Labo_VB2.gen/sources_1/bd/design_1/hdl/design_1_wrapper.vhd:28]
INFO: [Synth 8-638] synthesizing module 'design_1' [c:/devWorks/Labo_VB2/Labo_VB2.gen/sources_1/bd/design_1/synth/design_1.vhd:25]
INFO: [Synth 8-3491] module 'design_1_Labo_VB2_0_0' declared at 'C:/devWorks/Labo_VB2/Labo_VB2.runs/synth_1/.Xil/Vivado-4976-Bowen/realtime/design_1_Labo_VB2_0_0_stub.vhdl:6' bound to instance 'Labo_VB2_0' of component 'design_1_Labo_VB2_0_0' [c:/devWorks/Labo_VB2/Labo_VB2.gen/sources_1/bd/design_1/synth/design_1.vhd:51]
INFO: [Synth 8-638] synthesizing module 'design_1_Labo_VB2_0_0' [C:/devWorks/Labo_VB2/Labo_VB2.runs/synth_1/.Xil/Vivado-4976-Bowen/realtime/design_1_Labo_VB2_0_0_stub.vhdl:15]
INFO: [Synth 8-3491] module 'design_1_vio_0_0' declared at 'C:/devWorks/Labo_VB2/Labo_VB2.runs/synth_1/.Xil/Vivado-4976-Bowen/realtime/design_1_vio_0_0_stub.vhdl:6' bound to instance 'vio_0' of component 'design_1_vio_0_0' [c:/devWorks/Labo_VB2/Labo_VB2.gen/sources_1/bd/design_1/synth/design_1.vhd:57]
INFO: [Synth 8-638] synthesizing module 'design_1_vio_0_0' [C:/devWorks/Labo_VB2/Labo_VB2.runs/synth_1/.Xil/Vivado-4976-Bowen/realtime/design_1_vio_0_0_stub.vhdl:16]
INFO: [Synth 8-256] done synthesizing module 'design_1' (0#1) [c:/devWorks/Labo_VB2/Labo_VB2.gen/sources_1/bd/design_1/synth/design_1.vhd:25]
INFO: [Synth 8-256] done synthesizing module 'design_1_wrapper' (0#1) [c:/devWorks/Labo_VB2/Labo_VB2.gen/sources_1/bd/design_1/hdl/design_1_wrapper.vhd:21]
---------------------------------------------------------------------------------
Finished RTL Elaboration : Time (s): cpu = 00:00:14 ; elapsed = 00:00:18 . Memory (MB): peak = 1379.031 ; gain = 500.969
---------------------------------------------------------------------------------
---------------------------------------------------------------------------------
Start Handling Custom Attributes
---------------------------------------------------------------------------------
---------------------------------------------------------------------------------
Finished Handling Custom Attributes : Time (s): cpu = 00:00:14 ; elapsed = 00:00:18 . Memory (MB): peak = 1379.031 ; gain = 500.969
---------------------------------------------------------------------------------
---------------------------------------------------------------------------------
Finished RTL Optimization Phase 1 : Time (s): cpu = 00:00:14 ; elapsed = 00:00:18 . Memory (MB): peak = 1379.031 ; gain = 500.969
---------------------------------------------------------------------------------
Netlist sorting complete. Time (s): cpu = 00:00:00 ; elapsed = 00:00:00.001 . Memory (MB): peak = 1379.031 ; gain = 0.000
INFO: [Project 1-570] Preparing netlist for logic optimization

Processing XDC Constraints
Initializing timing engine
Parsing XDC File [c:/devWorks/Labo_VB2/Labo_VB2.gen/sources_1/bd/design_1/ip/design_1_Labo_VB2_0_0/design_1_Labo_VB2_0_0/design_1_Labo_VB2_0_0_in_context.xdc] for cell 'design_1_i/Labo_VB2_0'
Finished Parsing XDC File [c:/devWorks/Labo_VB2/Labo_VB2.gen/sources_1/bd/design_1/ip/design_1_Labo_VB2_0_0/design_1_Labo_VB2_0_0/design_1_Labo_VB2_0_0_in_context.xdc] for cell 'design_1_i/Labo_VB2_0'
Parsing XDC File [c:/devWorks/Labo_VB2/Labo_VB2.gen/sources_1/bd/design_1/ip/design_1_vio_0_0/design_1_vio_0_0/design_1_vio_0_0_in_context.xdc] for cell 'design_1_i/vio_0'
Finished Parsing XDC File [c:/devWorks/Labo_VB2/Labo_VB2.gen/sources_1/bd/design_1/ip/design_1_vio_0_0/design_1_vio_0_0/design_1_vio_0_0_in_context.xdc] for cell 'design_1_i/vio_0'
Parsing XDC File [C:/devWorks/Labo_VB2/Labo_VB2.srcs/constrs_1/new/Labo5_VB2.xdc]
Finished Parsing XDC File [C:/devWorks/Labo_VB2/Labo_VB2.srcs/constrs_1/new/Labo5_VB2.xdc]
INFO: [Project 1-236] Implementation specific constraints were found while reading constraint file [C:/devWorks/Labo_VB2/Labo_VB2.srcs/constrs_1/new/Labo5_VB2.xdc]. These constraints will be ignored for synthesis but will be used in implementation. Impacted constraints are listed in the file [.Xil/design_1_wrapper_propImpl.xdc].
Resolution: To avoid this warning, move constraints listed in [.Xil/design_1_wrapper_propImpl.xdc] to another XDC file and exclude this new file from synthesis with the used_in_synthesis property (File Properties dialog in GUI) and re-run elaboration/synthesis.
Parsing XDC File [C:/devWorks/Labo_VB2/Labo_VB2.runs/synth_1/dont_touch.xdc]
Finished Parsing XDC File [C:/devWorks/Labo_VB2/Labo_VB2.runs/synth_1/dont_touch.xdc]
Completed Processing XDC Constraints

Netlist sorting complete. Time (s): cpu = 00:00:00 ; elapsed = 00:00:00 . Memory (MB): peak = 1388.930 ; gain = 0.000
INFO: [Project 1-111] Unisim Transformation Summary:
No Unisim elements were transformed.

Constraint Validation Runtime : Time (s): cpu = 00:00:00 ; elapsed = 00:00:00.005 . Memory (MB): peak = 1388.930 ; gain = 0.000
INFO: [Designutils 20-5440] No compile time benefit to using incremental synthesis; A full resynthesis will be run
INFO: [Designutils 20-4379] Flow is switching to default flow due to incremental criteria not met. If you would like to alter this behaviour and have the flow terminate instead, please set the following parameter config_implementation {autoIncr.Synth.RejectBehavior Terminate}
---------------------------------------------------------------------------------
Finished Constraint Validation : Time (s): cpu = 00:00:30 ; elapsed = 00:00:38 . Memory (MB): peak = 1388.930 ; gain = 510.867
---------------------------------------------------------------------------------
---------------------------------------------------------------------------------
Start Loading Part and Timing Information
---------------------------------------------------------------------------------
Loading part: xc7z020clg400-1
---------------------------------------------------------------------------------
Finished Loading Part and Timing Information : Time (s): cpu = 00:00:30 ; elapsed = 00:00:38 . Memory (MB): peak = 1388.930 ; gain = 510.867
---------------------------------------------------------------------------------
---------------------------------------------------------------------------------
Start Applying 'set_property' XDC Constraints
---------------------------------------------------------------------------------
Applied set_property KEEP_HIERARCHY = SOFT for design_1_i. (constraint file  auto generated constraint).
Applied set_property KEEP_HIERARCHY = SOFT for design_1_i/Labo_VB2_0. (constraint file  auto generated constraint).
Applied set_property KEEP_HIERARCHY = SOFT for design_1_i/vio_0. (constraint file  auto generated constraint).
---------------------------------------------------------------------------------
Finished applying 'set_property' XDC Constraints : Time (s): cpu = 00:00:30 ; elapsed = 00:00:38 . Memory (MB): peak = 1388.930 ; gain = 510.867
---------------------------------------------------------------------------------
---------------------------------------------------------------------------------
Finished RTL Optimization Phase 2 : Time (s): cpu = 00:00:30 ; elapsed = 00:00:38 . Memory (MB): peak = 1388.930 ; gain = 510.867
---------------------------------------------------------------------------------
---------------------------------------------------------------------------------
Start RTL Component Statistics 
---------------------------------------------------------------------------------
Detailed RTL Component Info : 
---------------------------------------------------------------------------------
Finished RTL Component Statistics 
---------------------------------------------------------------------------------
---------------------------------------------------------------------------------
Start Part Resource Summary
---------------------------------------------------------------------------------
Part Resources:
DSPs: 220 (col length:60)
BRAMs: 280 (col length: RAMB18 60 RAMB36 30)
---------------------------------------------------------------------------------
Finished Part Resource Summary
---------------------------------------------------------------------------------
---------------------------------------------------------------------------------
Start Cross Boundary and Area Optimization
---------------------------------------------------------------------------------
WARNING: [Synth 8-7080] Parallel synthesis criteria is not met
---------------------------------------------------------------------------------
Finished Cross Boundary and Area Optimization : Time (s): cpu = 00:00:34 ; elapsed = 00:00:43 . Memory (MB): peak = 1388.930 ; gain = 510.867
---------------------------------------------------------------------------------
---------------------------------------------------------------------------------
Start Applying XDC Timing Constraints
---------------------------------------------------------------------------------
---------------------------------------------------------------------------------
Finished Applying XDC Timing Constraints : Time (s): cpu = 00:00:46 ; elapsed = 00:00:58 . Memory (MB): peak = 1388.930 ; gain = 510.867
---------------------------------------------------------------------------------
---------------------------------------------------------------------------------
Start Timing Optimization
---------------------------------------------------------------------------------
---------------------------------------------------------------------------------
Finished Timing Optimization : Time (s): cpu = 00:00:46 ; elapsed = 00:00:58 . Memory (MB): peak = 1388.930 ; gain = 510.867
---------------------------------------------------------------------------------
---------------------------------------------------------------------------------
Start Technology Mapping
---------------------------------------------------------------------------------
---------------------------------------------------------------------------------
Finished Technology Mapping : Time (s): cpu = 00:00:46 ; elapsed = 00:00:58 . Memory (MB): peak = 1388.930 ; gain = 510.867
---------------------------------------------------------------------------------
---------------------------------------------------------------------------------
Start IO Insertion
---------------------------------------------------------------------------------
---------------------------------------------------------------------------------
Start Flattening Before IO Insertion
---------------------------------------------------------------------------------
---------------------------------------------------------------------------------
Finished Flattening Before IO Insertion
---------------------------------------------------------------------------------
---------------------------------------------------------------------------------
Start Final Netlist Cleanup
---------------------------------------------------------------------------------
---------------------------------------------------------------------------------
Finished Final Netlist Cleanup
---------------------------------------------------------------------------------
---------------------------------------------------------------------------------
Finished IO Insertion : Time (s): cpu = 00:00:57 ; elapsed = 00:01:10 . Memory (MB): peak = 1388.930 ; gain = 510.867
---------------------------------------------------------------------------------
---------------------------------------------------------------------------------
Start Renaming Generated Instances
---------------------------------------------------------------------------------
---------------------------------------------------------------------------------
Finished Renaming Generated Instances : Time (s): cpu = 00:00:57 ; elapsed = 00:01:10 . Memory (MB): peak = 1388.930 ; gain = 510.867
---------------------------------------------------------------------------------
---------------------------------------------------------------------------------
Start Rebuilding User Hierarchy
---------------------------------------------------------------------------------
---------------------------------------------------------------------------------
Finished Rebuilding User Hierarchy : Time (s): cpu = 00:00:57 ; elapsed = 00:01:10 . Memory (MB): peak = 1388.930 ; gain = 510.867
---------------------------------------------------------------------------------
---------------------------------------------------------------------------------
Start Renaming Generated Ports
---------------------------------------------------------------------------------
---------------------------------------------------------------------------------
Finished Renaming Generated Ports : Time (s): cpu = 00:00:57 ; elapsed = 00:01:10 . Memory (MB): peak = 1388.930 ; gain = 510.867
---------------------------------------------------------------------------------
---------------------------------------------------------------------------------
Start Handling Custom Attributes
---------------------------------------------------------------------------------
---------------------------------------------------------------------------------
Finished Handling Custom Attributes : Time (s): cpu = 00:00:57 ; elapsed = 00:01:10 . Memory (MB): peak = 1388.930 ; gain = 510.867
---------------------------------------------------------------------------------
---------------------------------------------------------------------------------
Start Renaming Generated Nets
---------------------------------------------------------------------------------
---------------------------------------------------------------------------------
Finished Renaming Generated Nets : Time (s): cpu = 00:00:57 ; elapsed = 00:01:10 . Memory (MB): peak = 1388.930 ; gain = 510.867
---------------------------------------------------------------------------------
---------------------------------------------------------------------------------
Start Writing Synthesis Report
---------------------------------------------------------------------------------

Report BlackBoxes: 
+------+----------------------+----------+
|      |BlackBox name         |Instances |
+------+----------------------+----------+
|1     |design_1_Labo_VB2_0_0 |         1|
|2     |design_1_vio_0_0      |         1|
+------+----------------------+----------+

Report Cell Usage: 
+------+---------------------------+------+
|      |Cell                       |Count |
+------+---------------------------+------+
|1     |design_1_Labo_VB2_0_0_bbox |     1|
|2     |design_1_vio_0_0_bbox      |     1|
|3     |IBUF                       |     1|
+------+---------------------------+------+
---------------------------------------------------------------------------------
Finished Writing Synthesis Report : Time (s): cpu = 00:00:57 ; elapsed = 00:01:10 . Memory (MB): peak = 1388.930 ; gain = 510.867
---------------------------------------------------------------------------------
Synthesis finished with 0 errors, 0 critical warnings and 1 warnings.
Synthesis Optimization Runtime : Time (s): cpu = 00:00:39 ; elapsed = 00:01:05 . Memory (MB): peak = 1388.930 ; gain = 500.969
Synthesis Optimization Complete : Time (s): cpu = 00:00:57 ; elapsed = 00:01:10 . Memory (MB): peak = 1388.930 ; gain = 510.867
INFO: [Project 1-571] Translating synthesized netlist
Netlist sorting complete. Time (s): cpu = 00:00:00 ; elapsed = 00:00:00 . Memory (MB): peak = 1399.496 ; gain = 0.000
INFO: [Project 1-570] Preparing netlist for logic optimization
INFO: [Opt 31-138] Pushed 0 inverter(s) to 0 load pin(s).
Netlist sorting complete. Time (s): cpu = 00:00:00 ; elapsed = 00:00:00.001 . Memory (MB): peak = 1405.156 ; gain = 0.000
INFO: [Project 1-111] Unisim Transformation Summary:
No Unisim elements were transformed.

Synth Design complete | Checksum: 9e020a98
INFO: [Common 17-83] Releasing license: Synthesis
31 Infos, 1 Warnings, 0 Critical Warnings and 0 Errors encountered.
synth_design completed successfully
synth_design: Time (s): cpu = 00:01:07 ; elapsed = 00:01:24 . Memory (MB): peak = 1405.156 ; gain = 936.574
INFO: [Common 17-1381] The checkpoint 'C:/devWorks/Labo_VB2/Labo_VB2.runs/synth_1/design_1_wrapper.dcp' has been generated.
INFO: [runtcl-4] Executing : report_utilization -file design_1_wrapper_utilization_synth.rpt -pb design_1_wrapper_utilization_synth.pb
INFO: [Common 17-206] Exiting Vivado at Thu Oct 26 13:49:08 2023...
