INFO: [VRFC 10-2263] Analyzing Verilog file "C:/devWorks/Labo3_oef5/Labo3_oef5.ip_user_files/bd/design_1/ip/design_1_xlconstant_0_0/sim/design_1_xlconstant_0_0.v" into library xil_defaultlib
INFO: [VRFC 10-311] analyzing module design_1_xlconstant_0_0
INFO: [VRFC 10-2263] Analyzing Verilog file "C:/devWorks/Labo3_oef5/Labo3_oef5.ip_user_files/bd/design_1/ip/design_1_xlconstant_0_1/sim/design_1_xlconstant_0_1.v" into library xil_defaultlib
INFO: [VRFC 10-311] analyzing module design_1_xlconstant_0_1
INFO: [VRFC 10-2263] Analyzing Verilog file "C:/devWorks/Labo3_oef5/Labo3_oef5.ip_user_files/bd/design_1/ip/design_1_xlconstant_0_2/sim/design_1_xlconstant_0_2.v" into library xil_defaultlib
INFO: [VRFC 10-311] analyzing module design_1_xlconstant_0_2
INFO: [VRFC 10-2263] Analyzing Verilog file "C:/devWorks/Labo3_oef5/Labo3_oef5.ip_user_files/bd/design_1/ip/design_1_xlconstant_2_0/sim/design_1_xlconstant_2_0.v" into library xil_defaultlib
INFO: [VRFC 10-311] analyzing module design_1_xlconstant_2_0
INFO: [VRFC 10-2263] Analyzing Verilog file "C:/devWorks/Labo3_oef5/Labo3_oef5.ip_user_files/bd/design_1/ip/design_1_xlconstant_2_1/sim/design_1_xlconstant_2_1.v" into library xil_defaultlib
INFO: [VRFC 10-311] analyzing module design_1_xlconstant_2_1
INFO: [VRFC 10-2263] Analyzing Verilog file "C:/devWorks/Labo3_oef5/Labo3_oef5.ip_user_files/bd/design_1/ip/design_1_xlconstant_1_0/sim/design_1_xlconstant_1_0.v" into library xil_defaultlib
INFO: [VRFC 10-311] analyzing module design_1_xlconstant_1_0
INFO: [VRFC 10-2263] Analyzing Verilog file "C:/devWorks/Labo3_oef5/Labo3_oef5.ip_user_files/bd/design_1/ip/design_1_xlconstant_1_1/sim/design_1_xlconstant_1_1.v" into library xil_defaultlib
INFO: [VRFC 10-311] analyzing module design_1_xlconstant_1_1
INFO: [VRFC 10-2263] Analyzing Verilog file "C:/devWorks/Labo3_oef5/Labo3_oef5.ip_user_files/bd/design_1/ip/design_1_xlconstant_1_2/sim/design_1_xlconstant_1_2.v" into library xil_defaultlib
INFO: [VRFC 10-311] analyzing module design_1_xlconstant_1_2
INFO: [VRFC 10-2263] Analyzing Verilog file "C:/devWorks/Labo3_oef5/Labo3_oef5.ip_user_files/bd/design_1/ip/design_1_xlconstant_1_3/sim/design_1_xlconstant_1_3.v" into library xil_defaultlib
INFO: [VRFC 10-311] analyzing module design_1_xlconstant_1_3
INFO: [VRFC 10-2263] Analyzing Verilog file "C:/devWorks/Labo3_oef5/Labo3_oef5.sim/sim_1/behav/xsim/glbl.v" into library xil_defaultlib
INFO: [VRFC 10-311] analyzing module glbl
INFO: [VRFC 10-163] Analyzing VHDL file "C:/devWorks/Labo3_oef5/Labo3_oef5.srcs/sources_1/new/FullAdder.vhd" into library xil_defaultlib
INFO: [VRFC 10-3107] analyzing entity 'FullAdder'
INFO: [VRFC 10-163] Analyzing VHDL file "C:/devWorks/Labo3_oef5/Labo3_oef5.ip_user_files/bd/design_1/ip/design_1_FullAdder_0_0/sim/design_1_FullAdder_0_0.vhd" into library xil_defaultlib
INFO: [VRFC 10-3107] analyzing entity 'design_1_FullAdder_0_0'
INFO: [VRFC 10-163] Analyzing VHDL file "C:/devWorks/Labo3_oef5/Labo3_oef5.ip_user_files/bd/design_1/ip/design_1_FullAdder_0_1/sim/design_1_FullAdder_0_1.vhd" into library xil_defaultlib
INFO: [VRFC 10-3107] analyzing entity 'design_1_FullAdder_0_1'
INFO: [VRFC 10-163] Analyzing VHDL file "C:/devWorks/Labo3_oef5/Labo3_oef5.ip_user_files/bd/design_1/ip/design_1_FullAdder_0_2/sim/design_1_FullAdder_0_2.vhd" into library xil_defaultlib
INFO: [VRFC 10-3107] analyzing entity 'design_1_FullAdder_0_2'
INFO: [VRFC 10-163] Analyzing VHDL file "C:/devWorks/Labo3_oef5/Labo3_oef5.ip_user_files/bd/design_1/ip/design_1_FullAdder_0_3/sim/design_1_FullAdder_0_3.vhd" into library xil_defaultlib
INFO: [VRFC 10-3107] analyzing entity 'design_1_FullAdder_0_3'
INFO: [VRFC 10-163] Analyzing VHDL file "C:/devWorks/Labo3_oef5/Labo3_oef5.ip_user_files/bd/design_1/sim/design_1.vhd" into library xil_defaultlib
INFO: [VRFC 10-3107] analyzing entity 'design_1'
INFO: [VRFC 10-163] Analyzing VHDL file "C:/devWorks/Labo3_oef5/Labo3_oef5.gen/sources_1/bd/design_1/hdl/design_1_wrapper.vhd" into library xil_defaultlib
INFO: [VRFC 10-3107] analyzing entity 'design_1_wrapper'
