INFO: [VRFC 10-163] Analyzing VHDL file "C:/devWorks/Examen/Examen.srcs/sources_1/new/AND_port.vhd" into library xil_defaultlib
INFO: [VRFC 10-3107] analyzing entity 'AND_port'
INFO: [VRFC 10-163] Analyzing VHDL file "C:/devWorks/Examen/Examen.srcs/sources_1/new/NAND_port.vhd" into library xil_defaultlib
INFO: [VRFC 10-3107] analyzing entity 'NAND_port'
INFO: [VRFC 10-163] Analyzing VHDL file "C:/devWorks/Examen/Examen.srcs/sources_1/new/XOR_port.vhd" into library xil_defaultlib
INFO: [VRFC 10-3107] analyzing entity 'XOR_port'
INFO: [VRFC 10-163] Analyzing VHDL file "C:/devWorks/Examen/Examen.srcs/sources_1/new/NOR_port.vhd" into library xil_defaultlib
INFO: [VRFC 10-3107] analyzing entity 'NOR_port'
INFO: [VRFC 10-163] Analyzing VHDL file "C:/devWorks/Examen/Examen.ip_user_files/bd/design_1/ip/design_1_AND_port_0_0/sim/design_1_AND_port_0_0.vhd" into library xil_defaultlib
INFO: [VRFC 10-3107] analyzing entity 'design_1_AND_port_0_0'
INFO: [VRFC 10-163] Analyzing VHDL file "C:/devWorks/Examen/Examen.ip_user_files/bd/design_1/ip/design_1_NAND_port_0_0/sim/design_1_NAND_port_0_0.vhd" into library xil_defaultlib
INFO: [VRFC 10-3107] analyzing entity 'design_1_NAND_port_0_0'
INFO: [VRFC 10-163] Analyzing VHDL file "C:/devWorks/Examen/Examen.ip_user_files/bd/design_1/ip/design_1_AND_port_0_1/sim/design_1_AND_port_0_1.vhd" into library xil_defaultlib
INFO: [VRFC 10-3107] analyzing entity 'design_1_AND_port_0_1'
INFO: [VRFC 10-163] Analyzing VHDL file "C:/devWorks/Examen/Examen.ip_user_files/bd/design_1/ip/design_1_XOR_port_0_0/sim/design_1_XOR_port_0_0.vhd" into library xil_defaultlib
INFO: [VRFC 10-3107] analyzing entity 'design_1_XOR_port_0_0'
INFO: [VRFC 10-163] Analyzing VHDL file "C:/devWorks/Examen/Examen.ip_user_files/bd/design_1/ip/design_1_NOR_port_0_0/sim/design_1_NOR_port_0_0.vhd" into library xil_defaultlib
INFO: [VRFC 10-3107] analyzing entity 'design_1_NOR_port_0_0'
INFO: [VRFC 10-163] Analyzing VHDL file "C:/devWorks/Examen/Examen.ip_user_files/bd/design_1/sim/design_1.vhd" into library xil_defaultlib
INFO: [VRFC 10-3107] analyzing entity 'design_1'
INFO: [VRFC 10-163] Analyzing VHDL file "C:/devWorks/Examen/Examen.gen/sources_1/bd/design_1/hdl/design_1_wrapper.vhd" into library xil_defaultlib
INFO: [VRFC 10-3107] analyzing entity 'design_1_wrapper'
