Copyright 1986-2022 Xilinx, Inc. All Rights Reserved. Copyright 2022-2023 Advanced Micro Devices, Inc. All Rights Reserved.
---------------------------------------------------------------------------------------------------------------------------------------------------------------------------------------------------------------------------------
| Tool Version : Vivado v.2023.1 (win64) Build 3865809 Sun May  7 15:05:29 MDT 2023
| Date         : Wed Jan 10 22:46:05 2024
| Host         : Bowen running 64-bit major release  (build 9200)
| Command      : report_timing_summary -max_paths 10 -report_unconstrained -file ClockDivider_timing_summary_routed.rpt -pb ClockDivider_timing_summary_routed.pb -rpx ClockDivider_timing_summary_routed.rpx -warn_on_violation
| Design       : ClockDivider
| Device       : 7z020-clg400
| Speed File   : -1  PRODUCTION 1.12 2019-11-22
| Design State : Routed
---------------------------------------------------------------------------------------------------------------------------------------------------------------------------------------------------------------------------------

Timing Summary Report

------------------------------------------------------------------------------------------------
| Timer Settings
| --------------
------------------------------------------------------------------------------------------------

  Enable Multi Corner Analysis               :  Yes
  Enable Pessimism Removal                   :  Yes
  Pessimism Removal Resolution               :  Nearest Common Node
  Enable Input Delay Default Clock           :  No
  Enable Preset / Clear Arcs                 :  No
  Disable Flight Delays                      :  No
  Ignore I/O Paths                           :  No
  Timing Early Launch at Borrowing Latches   :  No
  Borrow Time for Max Delay Exceptions       :  Yes
  Merge Timing Exceptions                    :  Yes

  Corner  Analyze    Analyze    
  Name    Max Paths  Min Paths  
  ------  ---------  ---------  
  Slow    Yes        Yes        
  Fast    Yes        Yes        


------------------------------------------------------------------------------------------------
| Report Methodology
| ------------------
------------------------------------------------------------------------------------------------

Rule       Severity          Description                  Violations  
---------  ----------------  ---------------------------  ----------  
TIMING-17  Critical Warning  Non-clocked sequential cell  33          

Note: This report is based on the most recent report_methodology run and may not be up-to-date. Run report_methodology on the current design for the latest report.



check_timing report

Table of Contents
-----------------
1. checking no_clock (33)
2. checking constant_clock (0)
3. checking pulse_width_clock (0)
4. checking unconstrained_internal_endpoints (65)
5. checking no_input_delay (0)
6. checking no_output_delay (1)
7. checking multiple_clock (0)
8. checking generated_clocks (0)
9. checking loops (0)
10. checking partial_input_delay (0)
11. checking partial_output_delay (0)
12. checking latch_loops (0)

1. checking no_clock (33)
-------------------------
 There are 33 register/latch pins with no clock driven by root clock pin: clk_in (HIGH)


2. checking constant_clock (0)
------------------------------
 There are 0 register/latch pins with constant_clock.


3. checking pulse_width_clock (0)
---------------------------------
 There are 0 register/latch pins which need pulse_width check


4. checking unconstrained_internal_endpoints (65)
-------------------------------------------------
 There are 65 pins that are not constrained for maximum delay. (HIGH)

 There are 0 pins that are not constrained for maximum delay due to constant clock.


5. checking no_input_delay (0)
------------------------------
 There are 0 input ports with no input delay specified.

 There are 0 input ports with no input delay but user has a false path constraint.


6. checking no_output_delay (1)
-------------------------------
 There is 1 port with no output delay specified. (HIGH)

 There are 0 ports with no output delay but user has a false path constraint

 There are 0 ports with no output delay but with a timing clock defined on it or propagating through it


7. checking multiple_clock (0)
------------------------------
 There are 0 register/latch pins with multiple clocks.


8. checking generated_clocks (0)
--------------------------------
 There are 0 generated clocks that are not connected to a clock source.


9. checking loops (0)
---------------------
 There are 0 combinational loops in the design.


10. checking partial_input_delay (0)
------------------------------------
 There are 0 input ports with partial input delay specified.


11. checking partial_output_delay (0)
-------------------------------------
 There are 0 ports with partial output delay specified.


12. checking latch_loops (0)
----------------------------
 There are 0 combinational latch loops in the design through latch input



------------------------------------------------------------------------------------------------
| Design Timing Summary
| ---------------------
------------------------------------------------------------------------------------------------

    WNS(ns)      TNS(ns)  TNS Failing Endpoints  TNS Total Endpoints      WHS(ns)      THS(ns)  THS Failing Endpoints  THS Total Endpoints     WPWS(ns)     TPWS(ns)  TPWS Failing Endpoints  TPWS Total Endpoints  
    -------      -------  ---------------------  -------------------      -------      -------  ---------------------  -------------------     --------     --------  ----------------------  --------------------  
        inf        0.000                      0                   66          inf        0.000                      0                   66           NA           NA                      NA                    NA  


There are no user specified timing constraints.


------------------------------------------------------------------------------------------------
| Clock Summary
| -------------
------------------------------------------------------------------------------------------------


------------------------------------------------------------------------------------------------
| Intra Clock Table
| -----------------
------------------------------------------------------------------------------------------------

Clock             WNS(ns)      TNS(ns)  TNS Failing Endpoints  TNS Total Endpoints      WHS(ns)      THS(ns)  THS Failing Endpoints  THS Total Endpoints     WPWS(ns)     TPWS(ns)  TPWS Failing Endpoints  TPWS Total Endpoints  
-----             -------      -------  ---------------------  -------------------      -------      -------  ---------------------  -------------------     --------     --------  ----------------------  --------------------  


------------------------------------------------------------------------------------------------
| Inter Clock Table
| -----------------
------------------------------------------------------------------------------------------------

From Clock    To Clock          WNS(ns)      TNS(ns)  TNS Failing Endpoints  TNS Total Endpoints      WHS(ns)      THS(ns)  THS Failing Endpoints  THS Total Endpoints  
----------    --------          -------      -------  ---------------------  -------------------      -------      -------  ---------------------  -------------------  


------------------------------------------------------------------------------------------------
| Other Path Groups Table
| -----------------------
------------------------------------------------------------------------------------------------

Path Group    From Clock    To Clock          WNS(ns)      TNS(ns)  TNS Failing Endpoints  TNS Total Endpoints      WHS(ns)      THS(ns)  THS Failing Endpoints  THS Total Endpoints  
----------    ----------    --------          -------      -------  ---------------------  -------------------      -------      -------  ---------------------  -------------------  


------------------------------------------------------------------------------------------------
| User Ignored Path Table
| -----------------------
------------------------------------------------------------------------------------------------

Path Group    From Clock    To Clock    
----------    ----------    --------    


------------------------------------------------------------------------------------------------
| Unconstrained Path Table
| ------------------------
------------------------------------------------------------------------------------------------

Path Group    From Clock    To Clock    
----------    ----------    --------    
(none)                                    


------------------------------------------------------------------------------------------------
| Timing Details
| --------------
------------------------------------------------------------------------------------------------


--------------------------------------------------------------------------------------
Path Group:  (none)
From Clock:  
  To Clock:  

Max Delay            66 Endpoints
Min Delay            66 Endpoints
--------------------------------------------------------------------------------------


Max Delay Paths
--------------------------------------------------------------------------------------
Slack:                    inf
  Source:                 teller_reg[1]/C
                            (rising edge-triggered cell FDRE)
  Destination:            teller_reg[28]/R
  Path Group:             (none)
  Path Type:              Max at Slow Process Corner
  Data Path Delay:        6.115ns  (logic 2.548ns (41.670%)  route 3.567ns (58.330%))
  Logic Levels:           11  (CARRY4=8 FDRE=1 LUT6=2)

    Location             Delay type                Incr(ns)  Path(ns)    Netlist Resource(s)
  -------------------------------------------------------------------    -------------------
    SLICE_X1Y1           FDRE                         0.000     0.000 r  teller_reg[1]/C
    SLICE_X1Y1           FDRE (Prop_fdre_C_Q)         0.456     0.456 r  teller_reg[1]/Q
                         net (fo=2, routed)           0.667     1.123    teller_reg[1]
    SLICE_X2Y1           CARRY4 (Prop_carry4_S[0]_CO[3])
                                                      0.637     1.760 r  teller_reg[0]_i_10/CO[3]
                         net (fo=1, routed)           0.000     1.760    teller_reg[0]_i_10_n_0
    SLICE_X2Y2           CARRY4 (Prop_carry4_CI_CO[3])
                                                      0.117     1.877 r  teller_reg[0]_i_11/CO[3]
                         net (fo=1, routed)           0.000     1.877    teller_reg[0]_i_11_n_0
    SLICE_X2Y3           CARRY4 (Prop_carry4_CI_CO[3])
                                                      0.117     1.994 r  teller_reg[0]_i_12/CO[3]
                         net (fo=1, routed)           0.000     1.994    teller_reg[0]_i_12_n_0
    SLICE_X2Y4           CARRY4 (Prop_carry4_CI_CO[3])
                                                      0.117     2.111 r  teller_reg[0]_i_13/CO[3]
                         net (fo=1, routed)           0.000     2.111    teller_reg[0]_i_13_n_0
    SLICE_X2Y5           CARRY4 (Prop_carry4_CI_CO[3])
                                                      0.117     2.228 r  teller_reg[0]_i_14/CO[3]
                         net (fo=1, routed)           0.000     2.228    teller_reg[0]_i_14_n_0
    SLICE_X2Y6           CARRY4 (Prop_carry4_CI_CO[3])
                                                      0.117     2.345 r  teller_reg[0]_i_15/CO[3]
                         net (fo=1, routed)           0.000     2.345    teller_reg[0]_i_15_n_0
    SLICE_X2Y7           CARRY4 (Prop_carry4_CI_CO[3])
                                                      0.117     2.462 r  teller_reg[0]_i_16/CO[3]
                         net (fo=1, routed)           0.000     2.462    teller_reg[0]_i_16_n_0
    SLICE_X2Y8           CARRY4 (Prop_carry4_CI_O[1])
                                                      0.323     2.785 f  teller_reg[0]_i_17/O[1]
                         net (fo=1, routed)           0.810     3.595    plusOp[30]
    SLICE_X3Y7           LUT6 (Prop_lut6_I1_O)        0.306     3.901 r  teller[0]_i_8/O
                         net (fo=1, routed)           0.545     4.447    teller[0]_i_8_n_0
    SLICE_X3Y4           LUT6 (Prop_lut6_I5_O)        0.124     4.571 r  teller[0]_i_1/O
                         net (fo=33, routed)          1.544     6.115    clear
    SLICE_X1Y8           FDRE                                         r  teller_reg[28]/R
  -------------------------------------------------------------------    -------------------

Slack:                    inf
  Source:                 teller_reg[1]/C
                            (rising edge-triggered cell FDRE)
  Destination:            teller_reg[29]/R
  Path Group:             (none)
  Path Type:              Max at Slow Process Corner
  Data Path Delay:        6.115ns  (logic 2.548ns (41.670%)  route 3.567ns (58.330%))
  Logic Levels:           11  (CARRY4=8 FDRE=1 LUT6=2)

    Location             Delay type                Incr(ns)  Path(ns)    Netlist Resource(s)
  -------------------------------------------------------------------    -------------------
    SLICE_X1Y1           FDRE                         0.000     0.000 r  teller_reg[1]/C
    SLICE_X1Y1           FDRE (Prop_fdre_C_Q)         0.456     0.456 r  teller_reg[1]/Q
                         net (fo=2, routed)           0.667     1.123    teller_reg[1]
    SLICE_X2Y1           CARRY4 (Prop_carry4_S[0]_CO[3])
                                                      0.637     1.760 r  teller_reg[0]_i_10/CO[3]
                         net (fo=1, routed)           0.000     1.760    teller_reg[0]_i_10_n_0
    SLICE_X2Y2           CARRY4 (Prop_carry4_CI_CO[3])
                                                      0.117     1.877 r  teller_reg[0]_i_11/CO[3]
                         net (fo=1, routed)           0.000     1.877    teller_reg[0]_i_11_n_0
    SLICE_X2Y3           CARRY4 (Prop_carry4_CI_CO[3])
                                                      0.117     1.994 r  teller_reg[0]_i_12/CO[3]
                         net (fo=1, routed)           0.000     1.994    teller_reg[0]_i_12_n_0
    SLICE_X2Y4           CARRY4 (Prop_carry4_CI_CO[3])
                                                      0.117     2.111 r  teller_reg[0]_i_13/CO[3]
                         net (fo=1, routed)           0.000     2.111    teller_reg[0]_i_13_n_0
    SLICE_X2Y5           CARRY4 (Prop_carry4_CI_CO[3])
                                                      0.117     2.228 r  teller_reg[0]_i_14/CO[3]
                         net (fo=1, routed)           0.000     2.228    teller_reg[0]_i_14_n_0
    SLICE_X2Y6           CARRY4 (Prop_carry4_CI_CO[3])
                                                      0.117     2.345 r  teller_reg[0]_i_15/CO[3]
                         net (fo=1, routed)           0.000     2.345    teller_reg[0]_i_15_n_0
    SLICE_X2Y7           CARRY4 (Prop_carry4_CI_CO[3])
                                                      0.117     2.462 r  teller_reg[0]_i_16/CO[3]
                         net (fo=1, routed)           0.000     2.462    teller_reg[0]_i_16_n_0
    SLICE_X2Y8           CARRY4 (Prop_carry4_CI_O[1])
                                                      0.323     2.785 f  teller_reg[0]_i_17/O[1]
                         net (fo=1, routed)           0.810     3.595    plusOp[30]
    SLICE_X3Y7           LUT6 (Prop_lut6_I1_O)        0.306     3.901 r  teller[0]_i_8/O
                         net (fo=1, routed)           0.545     4.447    teller[0]_i_8_n_0
    SLICE_X3Y4           LUT6 (Prop_lut6_I5_O)        0.124     4.571 r  teller[0]_i_1/O
                         net (fo=33, routed)          1.544     6.115    clear
    SLICE_X1Y8           FDRE                                         r  teller_reg[29]/R
  -------------------------------------------------------------------    -------------------

Slack:                    inf
  Source:                 teller_reg[1]/C
                            (rising edge-triggered cell FDRE)
  Destination:            teller_reg[30]/R
  Path Group:             (none)
  Path Type:              Max at Slow Process Corner
  Data Path Delay:        6.115ns  (logic 2.548ns (41.670%)  route 3.567ns (58.330%))
  Logic Levels:           11  (CARRY4=8 FDRE=1 LUT6=2)

    Location             Delay type                Incr(ns)  Path(ns)    Netlist Resource(s)
  -------------------------------------------------------------------    -------------------
    SLICE_X1Y1           FDRE                         0.000     0.000 r  teller_reg[1]/C
    SLICE_X1Y1           FDRE (Prop_fdre_C_Q)         0.456     0.456 r  teller_reg[1]/Q
                         net (fo=2, routed)           0.667     1.123    teller_reg[1]
    SLICE_X2Y1           CARRY4 (Prop_carry4_S[0]_CO[3])
                                                      0.637     1.760 r  teller_reg[0]_i_10/CO[3]
                         net (fo=1, routed)           0.000     1.760    teller_reg[0]_i_10_n_0
    SLICE_X2Y2           CARRY4 (Prop_carry4_CI_CO[3])
                                                      0.117     1.877 r  teller_reg[0]_i_11/CO[3]
                         net (fo=1, routed)           0.000     1.877    teller_reg[0]_i_11_n_0
    SLICE_X2Y3           CARRY4 (Prop_carry4_CI_CO[3])
                                                      0.117     1.994 r  teller_reg[0]_i_12/CO[3]
                         net (fo=1, routed)           0.000     1.994    teller_reg[0]_i_12_n_0
    SLICE_X2Y4           CARRY4 (Prop_carry4_CI_CO[3])
                                                      0.117     2.111 r  teller_reg[0]_i_13/CO[3]
                         net (fo=1, routed)           0.000     2.111    teller_reg[0]_i_13_n_0
    SLICE_X2Y5           CARRY4 (Prop_carry4_CI_CO[3])
                                                      0.117     2.228 r  teller_reg[0]_i_14/CO[3]
                         net (fo=1, routed)           0.000     2.228    teller_reg[0]_i_14_n_0
    SLICE_X2Y6           CARRY4 (Prop_carry4_CI_CO[3])
                                                      0.117     2.345 r  teller_reg[0]_i_15/CO[3]
                         net (fo=1, routed)           0.000     2.345    teller_reg[0]_i_15_n_0
    SLICE_X2Y7           CARRY4 (Prop_carry4_CI_CO[3])
                                                      0.117     2.462 r  teller_reg[0]_i_16/CO[3]
                         net (fo=1, routed)           0.000     2.462    teller_reg[0]_i_16_n_0
    SLICE_X2Y8           CARRY4 (Prop_carry4_CI_O[1])
                                                      0.323     2.785 f  teller_reg[0]_i_17/O[1]
                         net (fo=1, routed)           0.810     3.595    plusOp[30]
    SLICE_X3Y7           LUT6 (Prop_lut6_I1_O)        0.306     3.901 r  teller[0]_i_8/O
                         net (fo=1, routed)           0.545     4.447    teller[0]_i_8_n_0
    SLICE_X3Y4           LUT6 (Prop_lut6_I5_O)        0.124     4.571 r  teller[0]_i_1/O
                         net (fo=33, routed)          1.544     6.115    clear
    SLICE_X1Y8           FDRE                                         r  teller_reg[30]/R
  -------------------------------------------------------------------    -------------------

Slack:                    inf
  Source:                 teller_reg[1]/C
                            (rising edge-triggered cell FDRE)
  Destination:            teller_reg[31]/R
  Path Group:             (none)
  Path Type:              Max at Slow Process Corner
  Data Path Delay:        6.115ns  (logic 2.548ns (41.670%)  route 3.567ns (58.330%))
  Logic Levels:           11  (CARRY4=8 FDRE=1 LUT6=2)

    Location             Delay type                Incr(ns)  Path(ns)    Netlist Resource(s)
  -------------------------------------------------------------------    -------------------
    SLICE_X1Y1           FDRE                         0.000     0.000 r  teller_reg[1]/C
    SLICE_X1Y1           FDRE (Prop_fdre_C_Q)         0.456     0.456 r  teller_reg[1]/Q
                         net (fo=2, routed)           0.667     1.123    teller_reg[1]
    SLICE_X2Y1           CARRY4 (Prop_carry4_S[0]_CO[3])
                                                      0.637     1.760 r  teller_reg[0]_i_10/CO[3]
                         net (fo=1, routed)           0.000     1.760    teller_reg[0]_i_10_n_0
    SLICE_X2Y2           CARRY4 (Prop_carry4_CI_CO[3])
                                                      0.117     1.877 r  teller_reg[0]_i_11/CO[3]
                         net (fo=1, routed)           0.000     1.877    teller_reg[0]_i_11_n_0
    SLICE_X2Y3           CARRY4 (Prop_carry4_CI_CO[3])
                                                      0.117     1.994 r  teller_reg[0]_i_12/CO[3]
                         net (fo=1, routed)           0.000     1.994    teller_reg[0]_i_12_n_0
    SLICE_X2Y4           CARRY4 (Prop_carry4_CI_CO[3])
                                                      0.117     2.111 r  teller_reg[0]_i_13/CO[3]
                         net (fo=1, routed)           0.000     2.111    teller_reg[0]_i_13_n_0
    SLICE_X2Y5           CARRY4 (Prop_carry4_CI_CO[3])
                                                      0.117     2.228 r  teller_reg[0]_i_14/CO[3]
                         net (fo=1, routed)           0.000     2.228    teller_reg[0]_i_14_n_0
    SLICE_X2Y6           CARRY4 (Prop_carry4_CI_CO[3])
                                                      0.117     2.345 r  teller_reg[0]_i_15/CO[3]
                         net (fo=1, routed)           0.000     2.345    teller_reg[0]_i_15_n_0
    SLICE_X2Y7           CARRY4 (Prop_carry4_CI_CO[3])
                                                      0.117     2.462 r  teller_reg[0]_i_16/CO[3]
                         net (fo=1, routed)           0.000     2.462    teller_reg[0]_i_16_n_0
    SLICE_X2Y8           CARRY4 (Prop_carry4_CI_O[1])
                                                      0.323     2.785 f  teller_reg[0]_i_17/O[1]
                         net (fo=1, routed)           0.810     3.595    plusOp[30]
    SLICE_X3Y7           LUT6 (Prop_lut6_I1_O)        0.306     3.901 r  teller[0]_i_8/O
                         net (fo=1, routed)           0.545     4.447    teller[0]_i_8_n_0
    SLICE_X3Y4           LUT6 (Prop_lut6_I5_O)        0.124     4.571 r  teller[0]_i_1/O
                         net (fo=33, routed)          1.544     6.115    clear
    SLICE_X1Y8           FDRE                                         r  teller_reg[31]/R
  -------------------------------------------------------------------    -------------------

Slack:                    inf
  Source:                 teller_reg[1]/C
                            (rising edge-triggered cell FDRE)
  Destination:            teller_reg[24]/R
  Path Group:             (none)
  Path Type:              Max at Slow Process Corner
  Data Path Delay:        5.973ns  (logic 2.548ns (42.659%)  route 3.425ns (57.341%))
  Logic Levels:           11  (CARRY4=8 FDRE=1 LUT6=2)

    Location             Delay type                Incr(ns)  Path(ns)    Netlist Resource(s)
  -------------------------------------------------------------------    -------------------
    SLICE_X1Y1           FDRE                         0.000     0.000 r  teller_reg[1]/C
    SLICE_X1Y1           FDRE (Prop_fdre_C_Q)         0.456     0.456 r  teller_reg[1]/Q
                         net (fo=2, routed)           0.667     1.123    teller_reg[1]
    SLICE_X2Y1           CARRY4 (Prop_carry4_S[0]_CO[3])
                                                      0.637     1.760 r  teller_reg[0]_i_10/CO[3]
                         net (fo=1, routed)           0.000     1.760    teller_reg[0]_i_10_n_0
    SLICE_X2Y2           CARRY4 (Prop_carry4_CI_CO[3])
                                                      0.117     1.877 r  teller_reg[0]_i_11/CO[3]
                         net (fo=1, routed)           0.000     1.877    teller_reg[0]_i_11_n_0
    SLICE_X2Y3           CARRY4 (Prop_carry4_CI_CO[3])
                                                      0.117     1.994 r  teller_reg[0]_i_12/CO[3]
                         net (fo=1, routed)           0.000     1.994    teller_reg[0]_i_12_n_0
    SLICE_X2Y4           CARRY4 (Prop_carry4_CI_CO[3])
                                                      0.117     2.111 r  teller_reg[0]_i_13/CO[3]
                         net (fo=1, routed)           0.000     2.111    teller_reg[0]_i_13_n_0
    SLICE_X2Y5           CARRY4 (Prop_carry4_CI_CO[3])
                                                      0.117     2.228 r  teller_reg[0]_i_14/CO[3]
                         net (fo=1, routed)           0.000     2.228    teller_reg[0]_i_14_n_0
    SLICE_X2Y6           CARRY4 (Prop_carry4_CI_CO[3])
                                                      0.117     2.345 r  teller_reg[0]_i_15/CO[3]
                         net (fo=1, routed)           0.000     2.345    teller_reg[0]_i_15_n_0
    SLICE_X2Y7           CARRY4 (Prop_carry4_CI_CO[3])
                                                      0.117     2.462 r  teller_reg[0]_i_16/CO[3]
                         net (fo=1, routed)           0.000     2.462    teller_reg[0]_i_16_n_0
    SLICE_X2Y8           CARRY4 (Prop_carry4_CI_O[1])
                                                      0.323     2.785 f  teller_reg[0]_i_17/O[1]
                         net (fo=1, routed)           0.810     3.595    plusOp[30]
    SLICE_X3Y7           LUT6 (Prop_lut6_I1_O)        0.306     3.901 r  teller[0]_i_8/O
                         net (fo=1, routed)           0.545     4.447    teller[0]_i_8_n_0
    SLICE_X3Y4           LUT6 (Prop_lut6_I5_O)        0.124     4.571 r  teller[0]_i_1/O
                         net (fo=33, routed)          1.402     5.973    clear
    SLICE_X1Y7           FDRE                                         r  teller_reg[24]/R
  -------------------------------------------------------------------    -------------------

Slack:                    inf
  Source:                 teller_reg[1]/C
                            (rising edge-triggered cell FDRE)
  Destination:            teller_reg[25]/R
  Path Group:             (none)
  Path Type:              Max at Slow Process Corner
  Data Path Delay:        5.973ns  (logic 2.548ns (42.659%)  route 3.425ns (57.341%))
  Logic Levels:           11  (CARRY4=8 FDRE=1 LUT6=2)

    Location             Delay type                Incr(ns)  Path(ns)    Netlist Resource(s)
  -------------------------------------------------------------------    -------------------
    SLICE_X1Y1           FDRE                         0.000     0.000 r  teller_reg[1]/C
    SLICE_X1Y1           FDRE (Prop_fdre_C_Q)         0.456     0.456 r  teller_reg[1]/Q
                         net (fo=2, routed)           0.667     1.123    teller_reg[1]
    SLICE_X2Y1           CARRY4 (Prop_carry4_S[0]_CO[3])
                                                      0.637     1.760 r  teller_reg[0]_i_10/CO[3]
                         net (fo=1, routed)           0.000     1.760    teller_reg[0]_i_10_n_0
    SLICE_X2Y2           CARRY4 (Prop_carry4_CI_CO[3])
                                                      0.117     1.877 r  teller_reg[0]_i_11/CO[3]
                         net (fo=1, routed)           0.000     1.877    teller_reg[0]_i_11_n_0
    SLICE_X2Y3           CARRY4 (Prop_carry4_CI_CO[3])
                                                      0.117     1.994 r  teller_reg[0]_i_12/CO[3]
                         net (fo=1, routed)           0.000     1.994    teller_reg[0]_i_12_n_0
    SLICE_X2Y4           CARRY4 (Prop_carry4_CI_CO[3])
                                                      0.117     2.111 r  teller_reg[0]_i_13/CO[3]
                         net (fo=1, routed)           0.000     2.111    teller_reg[0]_i_13_n_0
    SLICE_X2Y5           CARRY4 (Prop_carry4_CI_CO[3])
                                                      0.117     2.228 r  teller_reg[0]_i_14/CO[3]
                         net (fo=1, routed)           0.000     2.228    teller_reg[0]_i_14_n_0
    SLICE_X2Y6           CARRY4 (Prop_carry4_CI_CO[3])
                                                      0.117     2.345 r  teller_reg[0]_i_15/CO[3]
                         net (fo=1, routed)           0.000     2.345    teller_reg[0]_i_15_n_0
    SLICE_X2Y7           CARRY4 (Prop_carry4_CI_CO[3])
                                                      0.117     2.462 r  teller_reg[0]_i_16/CO[3]
                         net (fo=1, routed)           0.000     2.462    teller_reg[0]_i_16_n_0
    SLICE_X2Y8           CARRY4 (Prop_carry4_CI_O[1])
                                                      0.323     2.785 f  teller_reg[0]_i_17/O[1]
                         net (fo=1, routed)           0.810     3.595    plusOp[30]
    SLICE_X3Y7           LUT6 (Prop_lut6_I1_O)        0.306     3.901 r  teller[0]_i_8/O
                         net (fo=1, routed)           0.545     4.447    teller[0]_i_8_n_0
    SLICE_X3Y4           LUT6 (Prop_lut6_I5_O)        0.124     4.571 r  teller[0]_i_1/O
                         net (fo=33, routed)          1.402     5.973    clear
    SLICE_X1Y7           FDRE                                         r  teller_reg[25]/R
  -------------------------------------------------------------------    -------------------

Slack:                    inf
  Source:                 teller_reg[1]/C
                            (rising edge-triggered cell FDRE)
  Destination:            teller_reg[26]/R
  Path Group:             (none)
  Path Type:              Max at Slow Process Corner
  Data Path Delay:        5.973ns  (logic 2.548ns (42.659%)  route 3.425ns (57.341%))
  Logic Levels:           11  (CARRY4=8 FDRE=1 LUT6=2)

    Location             Delay type                Incr(ns)  Path(ns)    Netlist Resource(s)
  -------------------------------------------------------------------    -------------------
    SLICE_X1Y1           FDRE                         0.000     0.000 r  teller_reg[1]/C
    SLICE_X1Y1           FDRE (Prop_fdre_C_Q)         0.456     0.456 r  teller_reg[1]/Q
                         net (fo=2, routed)           0.667     1.123    teller_reg[1]
    SLICE_X2Y1           CARRY4 (Prop_carry4_S[0]_CO[3])
                                                      0.637     1.760 r  teller_reg[0]_i_10/CO[3]
                         net (fo=1, routed)           0.000     1.760    teller_reg[0]_i_10_n_0
    SLICE_X2Y2           CARRY4 (Prop_carry4_CI_CO[3])
                                                      0.117     1.877 r  teller_reg[0]_i_11/CO[3]
                         net (fo=1, routed)           0.000     1.877    teller_reg[0]_i_11_n_0
    SLICE_X2Y3           CARRY4 (Prop_carry4_CI_CO[3])
                                                      0.117     1.994 r  teller_reg[0]_i_12/CO[3]
                         net (fo=1, routed)           0.000     1.994    teller_reg[0]_i_12_n_0
    SLICE_X2Y4           CARRY4 (Prop_carry4_CI_CO[3])
                                                      0.117     2.111 r  teller_reg[0]_i_13/CO[3]
                         net (fo=1, routed)           0.000     2.111    teller_reg[0]_i_13_n_0
    SLICE_X2Y5           CARRY4 (Prop_carry4_CI_CO[3])
                                                      0.117     2.228 r  teller_reg[0]_i_14/CO[3]
                         net (fo=1, routed)           0.000     2.228    teller_reg[0]_i_14_n_0
    SLICE_X2Y6           CARRY4 (Prop_carry4_CI_CO[3])
                                                      0.117     2.345 r  teller_reg[0]_i_15/CO[3]
                         net (fo=1, routed)           0.000     2.345    teller_reg[0]_i_15_n_0
    SLICE_X2Y7           CARRY4 (Prop_carry4_CI_CO[3])
                                                      0.117     2.462 r  teller_reg[0]_i_16/CO[3]
                         net (fo=1, routed)           0.000     2.462    teller_reg[0]_i_16_n_0
    SLICE_X2Y8           CARRY4 (Prop_carry4_CI_O[1])
                                                      0.323     2.785 f  teller_reg[0]_i_17/O[1]
                         net (fo=1, routed)           0.810     3.595    plusOp[30]
    SLICE_X3Y7           LUT6 (Prop_lut6_I1_O)        0.306     3.901 r  teller[0]_i_8/O
                         net (fo=1, routed)           0.545     4.447    teller[0]_i_8_n_0
    SLICE_X3Y4           LUT6 (Prop_lut6_I5_O)        0.124     4.571 r  teller[0]_i_1/O
                         net (fo=33, routed)          1.402     5.973    clear
    SLICE_X1Y7           FDRE                                         r  teller_reg[26]/R
  -------------------------------------------------------------------    -------------------

Slack:                    inf
  Source:                 teller_reg[1]/C
                            (rising edge-triggered cell FDRE)
  Destination:            teller_reg[27]/R
  Path Group:             (none)
  Path Type:              Max at Slow Process Corner
  Data Path Delay:        5.973ns  (logic 2.548ns (42.659%)  route 3.425ns (57.341%))
  Logic Levels:           11  (CARRY4=8 FDRE=1 LUT6=2)

    Location             Delay type                Incr(ns)  Path(ns)    Netlist Resource(s)
  -------------------------------------------------------------------    -------------------
    SLICE_X1Y1           FDRE                         0.000     0.000 r  teller_reg[1]/C
    SLICE_X1Y1           FDRE (Prop_fdre_C_Q)         0.456     0.456 r  teller_reg[1]/Q
                         net (fo=2, routed)           0.667     1.123    teller_reg[1]
    SLICE_X2Y1           CARRY4 (Prop_carry4_S[0]_CO[3])
                                                      0.637     1.760 r  teller_reg[0]_i_10/CO[3]
                         net (fo=1, routed)           0.000     1.760    teller_reg[0]_i_10_n_0
    SLICE_X2Y2           CARRY4 (Prop_carry4_CI_CO[3])
                                                      0.117     1.877 r  teller_reg[0]_i_11/CO[3]
                         net (fo=1, routed)           0.000     1.877    teller_reg[0]_i_11_n_0
    SLICE_X2Y3           CARRY4 (Prop_carry4_CI_CO[3])
                                                      0.117     1.994 r  teller_reg[0]_i_12/CO[3]
                         net (fo=1, routed)           0.000     1.994    teller_reg[0]_i_12_n_0
    SLICE_X2Y4           CARRY4 (Prop_carry4_CI_CO[3])
                                                      0.117     2.111 r  teller_reg[0]_i_13/CO[3]
                         net (fo=1, routed)           0.000     2.111    teller_reg[0]_i_13_n_0
    SLICE_X2Y5           CARRY4 (Prop_carry4_CI_CO[3])
                                                      0.117     2.228 r  teller_reg[0]_i_14/CO[3]
                         net (fo=1, routed)           0.000     2.228    teller_reg[0]_i_14_n_0
    SLICE_X2Y6           CARRY4 (Prop_carry4_CI_CO[3])
                                                      0.117     2.345 r  teller_reg[0]_i_15/CO[3]
                         net (fo=1, routed)           0.000     2.345    teller_reg[0]_i_15_n_0
    SLICE_X2Y7           CARRY4 (Prop_carry4_CI_CO[3])
                                                      0.117     2.462 r  teller_reg[0]_i_16/CO[3]
                         net (fo=1, routed)           0.000     2.462    teller_reg[0]_i_16_n_0
    SLICE_X2Y8           CARRY4 (Prop_carry4_CI_O[1])
                                                      0.323     2.785 f  teller_reg[0]_i_17/O[1]
                         net (fo=1, routed)           0.810     3.595    plusOp[30]
    SLICE_X3Y7           LUT6 (Prop_lut6_I1_O)        0.306     3.901 r  teller[0]_i_8/O
                         net (fo=1, routed)           0.545     4.447    teller[0]_i_8_n_0
    SLICE_X3Y4           LUT6 (Prop_lut6_I5_O)        0.124     4.571 r  teller[0]_i_1/O
                         net (fo=33, routed)          1.402     5.973    clear
    SLICE_X1Y7           FDRE                                         r  teller_reg[27]/R
  -------------------------------------------------------------------    -------------------

Slack:                    inf
  Source:                 teller_reg[1]/C
                            (rising edge-triggered cell FDRE)
  Destination:            teller_reg[20]/R
  Path Group:             (none)
  Path Type:              Max at Slow Process Corner
  Data Path Delay:        5.821ns  (logic 2.548ns (43.772%)  route 3.273ns (56.228%))
  Logic Levels:           11  (CARRY4=8 FDRE=1 LUT6=2)

    Location             Delay type                Incr(ns)  Path(ns)    Netlist Resource(s)
  -------------------------------------------------------------------    -------------------
    SLICE_X1Y1           FDRE                         0.000     0.000 r  teller_reg[1]/C
    SLICE_X1Y1           FDRE (Prop_fdre_C_Q)         0.456     0.456 r  teller_reg[1]/Q
                         net (fo=2, routed)           0.667     1.123    teller_reg[1]
    SLICE_X2Y1           CARRY4 (Prop_carry4_S[0]_CO[3])
                                                      0.637     1.760 r  teller_reg[0]_i_10/CO[3]
                         net (fo=1, routed)           0.000     1.760    teller_reg[0]_i_10_n_0
    SLICE_X2Y2           CARRY4 (Prop_carry4_CI_CO[3])
                                                      0.117     1.877 r  teller_reg[0]_i_11/CO[3]
                         net (fo=1, routed)           0.000     1.877    teller_reg[0]_i_11_n_0
    SLICE_X2Y3           CARRY4 (Prop_carry4_CI_CO[3])
                                                      0.117     1.994 r  teller_reg[0]_i_12/CO[3]
                         net (fo=1, routed)           0.000     1.994    teller_reg[0]_i_12_n_0
    SLICE_X2Y4           CARRY4 (Prop_carry4_CI_CO[3])
                                                      0.117     2.111 r  teller_reg[0]_i_13/CO[3]
                         net (fo=1, routed)           0.000     2.111    teller_reg[0]_i_13_n_0
    SLICE_X2Y5           CARRY4 (Prop_carry4_CI_CO[3])
                                                      0.117     2.228 r  teller_reg[0]_i_14/CO[3]
                         net (fo=1, routed)           0.000     2.228    teller_reg[0]_i_14_n_0
    SLICE_X2Y6           CARRY4 (Prop_carry4_CI_CO[3])
                                                      0.117     2.345 r  teller_reg[0]_i_15/CO[3]
                         net (fo=1, routed)           0.000     2.345    teller_reg[0]_i_15_n_0
    SLICE_X2Y7           CARRY4 (Prop_carry4_CI_CO[3])
                                                      0.117     2.462 r  teller_reg[0]_i_16/CO[3]
                         net (fo=1, routed)           0.000     2.462    teller_reg[0]_i_16_n_0
    SLICE_X2Y8           CARRY4 (Prop_carry4_CI_O[1])
                                                      0.323     2.785 f  teller_reg[0]_i_17/O[1]
                         net (fo=1, routed)           0.810     3.595    plusOp[30]
    SLICE_X3Y7           LUT6 (Prop_lut6_I1_O)        0.306     3.901 r  teller[0]_i_8/O
                         net (fo=1, routed)           0.545     4.447    teller[0]_i_8_n_0
    SLICE_X3Y4           LUT6 (Prop_lut6_I5_O)        0.124     4.571 r  teller[0]_i_1/O
                         net (fo=33, routed)          1.250     5.821    clear
    SLICE_X1Y6           FDRE                                         r  teller_reg[20]/R
  -------------------------------------------------------------------    -------------------

Slack:                    inf
  Source:                 teller_reg[1]/C
                            (rising edge-triggered cell FDRE)
  Destination:            teller_reg[21]/R
  Path Group:             (none)
  Path Type:              Max at Slow Process Corner
  Data Path Delay:        5.821ns  (logic 2.548ns (43.772%)  route 3.273ns (56.228%))
  Logic Levels:           11  (CARRY4=8 FDRE=1 LUT6=2)

    Location             Delay type                Incr(ns)  Path(ns)    Netlist Resource(s)
  -------------------------------------------------------------------    -------------------
    SLICE_X1Y1           FDRE                         0.000     0.000 r  teller_reg[1]/C
    SLICE_X1Y1           FDRE (Prop_fdre_C_Q)         0.456     0.456 r  teller_reg[1]/Q
                         net (fo=2, routed)           0.667     1.123    teller_reg[1]
    SLICE_X2Y1           CARRY4 (Prop_carry4_S[0]_CO[3])
                                                      0.637     1.760 r  teller_reg[0]_i_10/CO[3]
                         net (fo=1, routed)           0.000     1.760    teller_reg[0]_i_10_n_0
    SLICE_X2Y2           CARRY4 (Prop_carry4_CI_CO[3])
                                                      0.117     1.877 r  teller_reg[0]_i_11/CO[3]
                         net (fo=1, routed)           0.000     1.877    teller_reg[0]_i_11_n_0
    SLICE_X2Y3           CARRY4 (Prop_carry4_CI_CO[3])
                                                      0.117     1.994 r  teller_reg[0]_i_12/CO[3]
                         net (fo=1, routed)           0.000     1.994    teller_reg[0]_i_12_n_0
    SLICE_X2Y4           CARRY4 (Prop_carry4_CI_CO[3])
                                                      0.117     2.111 r  teller_reg[0]_i_13/CO[3]
                         net (fo=1, routed)           0.000     2.111    teller_reg[0]_i_13_n_0
    SLICE_X2Y5           CARRY4 (Prop_carry4_CI_CO[3])
                                                      0.117     2.228 r  teller_reg[0]_i_14/CO[3]
                         net (fo=1, routed)           0.000     2.228    teller_reg[0]_i_14_n_0
    SLICE_X2Y6           CARRY4 (Prop_carry4_CI_CO[3])
                                                      0.117     2.345 r  teller_reg[0]_i_15/CO[3]
                         net (fo=1, routed)           0.000     2.345    teller_reg[0]_i_15_n_0
    SLICE_X2Y7           CARRY4 (Prop_carry4_CI_CO[3])
                                                      0.117     2.462 r  teller_reg[0]_i_16/CO[3]
                         net (fo=1, routed)           0.000     2.462    teller_reg[0]_i_16_n_0
    SLICE_X2Y8           CARRY4 (Prop_carry4_CI_O[1])
                                                      0.323     2.785 f  teller_reg[0]_i_17/O[1]
                         net (fo=1, routed)           0.810     3.595    plusOp[30]
    SLICE_X3Y7           LUT6 (Prop_lut6_I1_O)        0.306     3.901 r  teller[0]_i_8/O
                         net (fo=1, routed)           0.545     4.447    teller[0]_i_8_n_0
    SLICE_X3Y4           LUT6 (Prop_lut6_I5_O)        0.124     4.571 r  teller[0]_i_1/O
                         net (fo=33, routed)          1.250     5.821    clear
    SLICE_X1Y6           FDRE                                         r  teller_reg[21]/R
  -------------------------------------------------------------------    -------------------





Min Delay Paths
--------------------------------------------------------------------------------------
Slack:                    inf
  Source:                 teller_reg[11]/C
                            (rising edge-triggered cell FDRE)
  Destination:            teller_reg[11]/D
  Path Group:             (none)
  Path Type:              Min at Fast Process Corner
  Data Path Delay:        0.369ns  (logic 0.249ns (67.424%)  route 0.120ns (32.576%))
  Logic Levels:           2  (CARRY4=1 FDRE=1)

    Location             Delay type                Incr(ns)  Path(ns)    Netlist Resource(s)
  -------------------------------------------------------------------    -------------------
    SLICE_X1Y3           FDRE                         0.000     0.000 r  teller_reg[11]/C
    SLICE_X1Y3           FDRE (Prop_fdre_C_Q)         0.141     0.141 r  teller_reg[11]/Q
                         net (fo=2, routed)           0.120     0.261    teller_reg[11]
    SLICE_X1Y3           CARRY4 (Prop_carry4_S[3]_O[3])
                                                      0.108     0.369 r  teller_reg[8]_i_1/O[3]
                         net (fo=1, routed)           0.000     0.369    teller_reg[8]_i_1_n_4
    SLICE_X1Y3           FDRE                                         r  teller_reg[11]/D
  -------------------------------------------------------------------    -------------------

Slack:                    inf
  Source:                 teller_reg[15]/C
                            (rising edge-triggered cell FDRE)
  Destination:            teller_reg[15]/D
  Path Group:             (none)
  Path Type:              Min at Fast Process Corner
  Data Path Delay:        0.369ns  (logic 0.249ns (67.424%)  route 0.120ns (32.576%))
  Logic Levels:           2  (CARRY4=1 FDRE=1)

    Location             Delay type                Incr(ns)  Path(ns)    Netlist Resource(s)
  -------------------------------------------------------------------    -------------------
    SLICE_X1Y4           FDRE                         0.000     0.000 r  teller_reg[15]/C
    SLICE_X1Y4           FDRE (Prop_fdre_C_Q)         0.141     0.141 r  teller_reg[15]/Q
                         net (fo=2, routed)           0.120     0.261    teller_reg[15]
    SLICE_X1Y4           CARRY4 (Prop_carry4_S[3]_O[3])
                                                      0.108     0.369 r  teller_reg[12]_i_1/O[3]
                         net (fo=1, routed)           0.000     0.369    teller_reg[12]_i_1_n_4
    SLICE_X1Y4           FDRE                                         r  teller_reg[15]/D
  -------------------------------------------------------------------    -------------------

Slack:                    inf
  Source:                 teller_reg[19]/C
                            (rising edge-triggered cell FDRE)
  Destination:            teller_reg[19]/D
  Path Group:             (none)
  Path Type:              Min at Fast Process Corner
  Data Path Delay:        0.369ns  (logic 0.249ns (67.424%)  route 0.120ns (32.576%))
  Logic Levels:           2  (CARRY4=1 FDRE=1)

    Location             Delay type                Incr(ns)  Path(ns)    Netlist Resource(s)
  -------------------------------------------------------------------    -------------------
    SLICE_X1Y5           FDRE                         0.000     0.000 r  teller_reg[19]/C
    SLICE_X1Y5           FDRE (Prop_fdre_C_Q)         0.141     0.141 r  teller_reg[19]/Q
                         net (fo=2, routed)           0.120     0.261    teller_reg[19]
    SLICE_X1Y5           CARRY4 (Prop_carry4_S[3]_O[3])
                                                      0.108     0.369 r  teller_reg[16]_i_1/O[3]
                         net (fo=1, routed)           0.000     0.369    teller_reg[16]_i_1_n_4
    SLICE_X1Y5           FDRE                                         r  teller_reg[19]/D
  -------------------------------------------------------------------    -------------------

Slack:                    inf
  Source:                 teller_reg[23]/C
                            (rising edge-triggered cell FDRE)
  Destination:            teller_reg[23]/D
  Path Group:             (none)
  Path Type:              Min at Fast Process Corner
  Data Path Delay:        0.369ns  (logic 0.249ns (67.424%)  route 0.120ns (32.576%))
  Logic Levels:           2  (CARRY4=1 FDRE=1)

    Location             Delay type                Incr(ns)  Path(ns)    Netlist Resource(s)
  -------------------------------------------------------------------    -------------------
    SLICE_X1Y6           FDRE                         0.000     0.000 r  teller_reg[23]/C
    SLICE_X1Y6           FDRE (Prop_fdre_C_Q)         0.141     0.141 r  teller_reg[23]/Q
                         net (fo=2, routed)           0.120     0.261    teller_reg[23]
    SLICE_X1Y6           CARRY4 (Prop_carry4_S[3]_O[3])
                                                      0.108     0.369 r  teller_reg[20]_i_1/O[3]
                         net (fo=1, routed)           0.000     0.369    teller_reg[20]_i_1_n_4
    SLICE_X1Y6           FDRE                                         r  teller_reg[23]/D
  -------------------------------------------------------------------    -------------------

Slack:                    inf
  Source:                 teller_reg[27]/C
                            (rising edge-triggered cell FDRE)
  Destination:            teller_reg[27]/D
  Path Group:             (none)
  Path Type:              Min at Fast Process Corner
  Data Path Delay:        0.369ns  (logic 0.249ns (67.424%)  route 0.120ns (32.576%))
  Logic Levels:           2  (CARRY4=1 FDRE=1)

    Location             Delay type                Incr(ns)  Path(ns)    Netlist Resource(s)
  -------------------------------------------------------------------    -------------------
    SLICE_X1Y7           FDRE                         0.000     0.000 r  teller_reg[27]/C
    SLICE_X1Y7           FDRE (Prop_fdre_C_Q)         0.141     0.141 r  teller_reg[27]/Q
                         net (fo=2, routed)           0.120     0.261    teller_reg[27]
    SLICE_X1Y7           CARRY4 (Prop_carry4_S[3]_O[3])
                                                      0.108     0.369 r  teller_reg[24]_i_1/O[3]
                         net (fo=1, routed)           0.000     0.369    teller_reg[24]_i_1_n_4
    SLICE_X1Y7           FDRE                                         r  teller_reg[27]/D
  -------------------------------------------------------------------    -------------------

Slack:                    inf
  Source:                 teller_reg[31]/C
                            (rising edge-triggered cell FDRE)
  Destination:            teller_reg[31]/D
  Path Group:             (none)
  Path Type:              Min at Fast Process Corner
  Data Path Delay:        0.369ns  (logic 0.249ns (67.424%)  route 0.120ns (32.576%))
  Logic Levels:           2  (CARRY4=1 FDRE=1)

    Location             Delay type                Incr(ns)  Path(ns)    Netlist Resource(s)
  -------------------------------------------------------------------    -------------------
    SLICE_X1Y8           FDRE                         0.000     0.000 r  teller_reg[31]/C
    SLICE_X1Y8           FDRE (Prop_fdre_C_Q)         0.141     0.141 r  teller_reg[31]/Q
                         net (fo=2, routed)           0.120     0.261    teller_reg[31]
    SLICE_X1Y8           CARRY4 (Prop_carry4_S[3]_O[3])
                                                      0.108     0.369 r  teller_reg[28]_i_1/O[3]
                         net (fo=1, routed)           0.000     0.369    teller_reg[28]_i_1_n_4
    SLICE_X1Y8           FDRE                                         r  teller_reg[31]/D
  -------------------------------------------------------------------    -------------------

Slack:                    inf
  Source:                 teller_reg[3]/C
                            (rising edge-triggered cell FDRE)
  Destination:            teller_reg[3]/D
  Path Group:             (none)
  Path Type:              Min at Fast Process Corner
  Data Path Delay:        0.369ns  (logic 0.249ns (67.424%)  route 0.120ns (32.576%))
  Logic Levels:           2  (CARRY4=1 FDRE=1)

    Location             Delay type                Incr(ns)  Path(ns)    Netlist Resource(s)
  -------------------------------------------------------------------    -------------------
    SLICE_X1Y1           FDRE                         0.000     0.000 r  teller_reg[3]/C
    SLICE_X1Y1           FDRE (Prop_fdre_C_Q)         0.141     0.141 r  teller_reg[3]/Q
                         net (fo=2, routed)           0.120     0.261    teller_reg[3]
    SLICE_X1Y1           CARRY4 (Prop_carry4_S[3]_O[3])
                                                      0.108     0.369 r  teller_reg[0]_i_2/O[3]
                         net (fo=1, routed)           0.000     0.369    teller_reg[0]_i_2_n_4
    SLICE_X1Y1           FDRE                                         r  teller_reg[3]/D
  -------------------------------------------------------------------    -------------------

Slack:                    inf
  Source:                 teller_reg[7]/C
                            (rising edge-triggered cell FDRE)
  Destination:            teller_reg[7]/D
  Path Group:             (none)
  Path Type:              Min at Fast Process Corner
  Data Path Delay:        0.369ns  (logic 0.249ns (67.424%)  route 0.120ns (32.576%))
  Logic Levels:           2  (CARRY4=1 FDRE=1)

    Location             Delay type                Incr(ns)  Path(ns)    Netlist Resource(s)
  -------------------------------------------------------------------    -------------------
    SLICE_X1Y2           FDRE                         0.000     0.000 r  teller_reg[7]/C
    SLICE_X1Y2           FDRE (Prop_fdre_C_Q)         0.141     0.141 r  teller_reg[7]/Q
                         net (fo=2, routed)           0.120     0.261    teller_reg[7]
    SLICE_X1Y2           CARRY4 (Prop_carry4_S[3]_O[3])
                                                      0.108     0.369 r  teller_reg[4]_i_1/O[3]
                         net (fo=1, routed)           0.000     0.369    teller_reg[4]_i_1_n_4
    SLICE_X1Y2           FDRE                                         r  teller_reg[7]/D
  -------------------------------------------------------------------    -------------------

Slack:                    inf
  Source:                 teller_reg[12]/C
                            (rising edge-triggered cell FDRE)
  Destination:            teller_reg[12]/D
  Path Group:             (none)
  Path Type:              Min at Fast Process Corner
  Data Path Delay:        0.373ns  (logic 0.256ns (68.576%)  route 0.117ns (31.424%))
  Logic Levels:           2  (CARRY4=1 FDRE=1)

    Location             Delay type                Incr(ns)  Path(ns)    Netlist Resource(s)
  -------------------------------------------------------------------    -------------------
    SLICE_X1Y4           FDRE                         0.000     0.000 r  teller_reg[12]/C
    SLICE_X1Y4           FDRE (Prop_fdre_C_Q)         0.141     0.141 r  teller_reg[12]/Q
                         net (fo=2, routed)           0.117     0.258    teller_reg[12]
    SLICE_X1Y4           CARRY4 (Prop_carry4_S[0]_O[0])
                                                      0.115     0.373 r  teller_reg[12]_i_1/O[0]
                         net (fo=1, routed)           0.000     0.373    teller_reg[12]_i_1_n_7
    SLICE_X1Y4           FDRE                                         r  teller_reg[12]/D
  -------------------------------------------------------------------    -------------------

Slack:                    inf
  Source:                 teller_reg[16]/C
                            (rising edge-triggered cell FDRE)
  Destination:            teller_reg[16]/D
  Path Group:             (none)
  Path Type:              Min at Fast Process Corner
  Data Path Delay:        0.373ns  (logic 0.256ns (68.576%)  route 0.117ns (31.424%))
  Logic Levels:           2  (CARRY4=1 FDRE=1)

    Location             Delay type                Incr(ns)  Path(ns)    Netlist Resource(s)
  -------------------------------------------------------------------    -------------------
    SLICE_X1Y5           FDRE                         0.000     0.000 r  teller_reg[16]/C
    SLICE_X1Y5           FDRE (Prop_fdre_C_Q)         0.141     0.141 r  teller_reg[16]/Q
                         net (fo=2, routed)           0.117     0.258    teller_reg[16]
    SLICE_X1Y5           CARRY4 (Prop_carry4_S[0]_O[0])
                                                      0.115     0.373 r  teller_reg[16]_i_1/O[0]
                         net (fo=1, routed)           0.000     0.373    teller_reg[16]_i_1_n_7
    SLICE_X1Y5           FDRE                                         r  teller_reg[16]/D
  -------------------------------------------------------------------    -------------------





