
*** Running vivado
    with args -log design_1_wrapper.vdi -applog -m64 -product Vivado -messageDb vivado.pb -mode batch -source design_1_wrapper.tcl -notrace


ECHO is off.
ECHO is off.

****** Vivado v2023.1 (64-bit)
  **** SW Build 3865809 on Sun May  7 15:05:29 MDT 2023
  **** IP Build 3864474 on Sun May  7 20:36:21 MDT 2023
  **** SharedData Build 3865790 on Sun May 07 13:33:03 MDT 2023
    ** Copyright 1986-2022 Xilinx, Inc. All Rights Reserved.
    ** Copyright 2022-2023 Advanced Micro Devices, Inc. All Rights Reserved.

source design_1_wrapper.tcl -notrace
create_project: Time (s): cpu = 00:00:09 ; elapsed = 00:00:16 . Memory (MB): peak = 426.574 ; gain = 164.031
INFO: [IP_Flow 19-234] Refreshing IP repositories
INFO: [IP_Flow 19-1704] No user IP repositories specified
INFO: [IP_Flow 19-2313] Loaded Vivado IP repository 'C:/Xilinx/Vivado/2023.1/data/ip'.
add_files: Time (s): cpu = 00:00:01 ; elapsed = 00:00:08 . Memory (MB): peak = 470.676 ; gain = 35.516
Command: link_design -top design_1_wrapper -part xc7z020clg400-1
Design is defaulting to srcset: sources_1
Design is defaulting to constrset: constrs_1
INFO: [Device 21-403] Loading part xc7z020clg400-1
INFO: [Project 1-454] Reading design checkpoint 'c:/devWorks/Labo5_VB/Labo5_VB.gen/sources_1/bd/design_1/ip/design_1_Labo5_VB_0_0/design_1_Labo5_VB_0_0.dcp' for cell 'design_1_i/Labo5_VB_0'
INFO: [Project 1-454] Reading design checkpoint 'c:/devWorks/Labo5_VB/Labo5_VB.gen/sources_1/bd/design_1/ip/design_1_vio_0_0/design_1_vio_0_0.dcp' for cell 'design_1_i/vio_0'
Netlist sorting complete. Time (s): cpu = 00:00:00 ; elapsed = 00:00:00.019 . Memory (MB): peak = 902.633 ; gain = 0.000
INFO: [Project 1-479] Netlist was created with Vivado 2023.1
INFO: [Project 1-570] Preparing netlist for logic optimization
INFO: [Chipscope 16-324] Core: design_1_i/vio_0 UUID: 01a4b594-7c44-5fa6-bd66-f70f5f031273 
Parsing XDC File [c:/devWorks/Labo5_VB/Labo5_VB.gen/sources_1/bd/design_1/ip/design_1_vio_0_0/design_1_vio_0_0.xdc] for cell 'design_1_i/vio_0'
Finished Parsing XDC File [c:/devWorks/Labo5_VB/Labo5_VB.gen/sources_1/bd/design_1/ip/design_1_vio_0_0/design_1_vio_0_0.xdc] for cell 'design_1_i/vio_0'
Parsing XDC File [C:/devWorks/Labo5_VB/Labo5_VB.srcs/constrs_1/new/Labo5_vb.xdc]
Finished Parsing XDC File [C:/devWorks/Labo5_VB/Labo5_VB.srcs/constrs_1/new/Labo5_vb.xdc]
INFO: [Opt 31-138] Pushed 0 inverter(s) to 0 load pin(s).
Netlist sorting complete. Time (s): cpu = 00:00:00 ; elapsed = 00:00:00 . Memory (MB): peak = 1022.043 ; gain = 0.000
INFO: [Project 1-111] Unisim Transformation Summary:
No Unisim elements were transformed.

11 Infos, 0 Warnings, 0 Critical Warnings and 0 Errors encountered.
link_design completed successfully
link_design: Time (s): cpu = 00:00:08 ; elapsed = 00:00:18 . Memory (MB): peak = 1022.043 ; gain = 551.367
Command: opt_design
Attempting to get a license for feature 'Implementation' and/or device 'xc7z020'
INFO: [Common 17-349] Got license for feature 'Implementation' and/or device 'xc7z020'
Running DRC as a precondition to command opt_design

Starting DRC Task
INFO: [DRC 23-27] Running DRC with 2 threads
INFO: [Project 1-461] DRC finished with 0 Errors
INFO: [Project 1-462] Please refer to the DRC report (report_drc) for more information.

Time (s): cpu = 00:00:02 ; elapsed = 00:00:03 . Memory (MB): peak = 1046.980 ; gain = 24.938

Starting Cache Timing Information Task
INFO: [Timing 38-35] Done setting XDC timing constraints.
Ending Cache Timing Information Task | Checksum: 1486f3f88

Time (s): cpu = 00:00:13 ; elapsed = 00:00:18 . Memory (MB): peak = 1598.906 ; gain = 551.926

Starting Logic Optimization Task

Phase 1 Generate And Synthesize Debug Cores
INFO: [Chipscope 16-329] Generating Script for core instance : dbg_hub 
INFO: [IP_Flow 19-3806] Processing IP xilinx.com:ip:xsdbm:3.0 for cell dbg_hub_CV.
