Copyright 1986-2022 Xilinx, Inc. All Rights Reserved. Copyright 2022-2023 Advanced Micro Devices, Inc. All Rights Reserved.
---------------------------------------------------------------------------------------------------------------------------------------------------------------------------------------------------------------------------------------------
| Tool Version : Vivado v.2023.1 (win64) Build 3865809 Sun May  7 15:05:29 MDT 2023
| Date         : Thu Nov  9 13:43:13 2023
| Host         : Bowen running 64-bit major release  (build 9200)
| Command      : report_timing_summary -max_paths 10 -report_unconstrained -file design_1_wrapper_timing_summary_routed.rpt -pb design_1_wrapper_timing_summary_routed.pb -rpx design_1_wrapper_timing_summary_routed.rpx -warn_on_violation
| Design       : design_1_wrapper
| Device       : 7z020-clg400
| Speed File   : -1  PRODUCTION 1.12 2019-11-22
| Design State : Routed
---------------------------------------------------------------------------------------------------------------------------------------------------------------------------------------------------------------------------------------------

Timing Summary Report

------------------------------------------------------------------------------------------------
| Timer Settings
| --------------
------------------------------------------------------------------------------------------------

  Enable Multi Corner Analysis               :  Yes
  Enable Pessimism Removal                   :  Yes
  Pessimism Removal Resolution               :  Nearest Common Node
  Enable Input Delay Default Clock           :  No
  Enable Preset / Clear Arcs                 :  No
  Disable Flight Delays                      :  No
  Ignore I/O Paths                           :  No
  Timing Early Launch at Borrowing Latches   :  No
  Borrow Time for Max Delay Exceptions       :  Yes
  Merge Timing Exceptions                    :  Yes

  Corner  Analyze    Analyze    
  Name    Max Paths  Min Paths  
  ------  ---------  ---------  
  Slow    Yes        Yes        
  Fast    Yes        Yes        


------------------------------------------------------------------------------------------------
| Report Methodology
| ------------------
------------------------------------------------------------------------------------------------

No report available as report_methodology has not been run prior. Run report_methodology on the current design for the summary of methodology violations.



check_timing report

Table of Contents
-----------------
1. checking no_clock (0)
2. checking constant_clock (0)
3. checking pulse_width_clock (0)
4. checking unconstrained_internal_endpoints (0)
5. checking no_input_delay (0)
6. checking no_output_delay (0)
7. checking multiple_clock (0)
8. checking generated_clocks (0)
9. checking loops (0)
10. checking partial_input_delay (0)
11. checking partial_output_delay (0)
12. checking latch_loops (0)

1. checking no_clock (0)
------------------------
 There are 0 register/latch pins with no clock.


2. checking constant_clock (0)
------------------------------
 There are 0 register/latch pins with constant_clock.


3. checking pulse_width_clock (0)
---------------------------------
 There are 0 register/latch pins which need pulse_width check


4. checking unconstrained_internal_endpoints (0)
------------------------------------------------
 There are 0 pins that are not constrained for maximum delay.

 There are 0 pins that are not constrained for maximum delay due to constant clock.


5. checking no_input_delay (0)
------------------------------
 There are 0 input ports with no input delay specified.

 There are 0 input ports with no input delay but user has a false path constraint.


6. checking no_output_delay (0)
-------------------------------
 There are 0 ports with no output delay specified.

 There are 0 ports with no output delay but user has a false path constraint

 There are 0 ports with no output delay but with a timing clock defined on it or propagating through it


7. checking multiple_clock (0)
------------------------------
 There are 0 register/latch pins with multiple clocks.


8. checking generated_clocks (0)
--------------------------------
 There are 0 generated clocks that are not connected to a clock source.


9. checking loops (0)
---------------------
 There are 0 combinational loops in the design.


10. checking partial_input_delay (0)
------------------------------------
 There are 0 input ports with partial input delay specified.


11. checking partial_output_delay (0)
-------------------------------------
 There are 0 ports with partial output delay specified.


12. checking latch_loops (0)
----------------------------
 There are 0 combinational latch loops in the design through latch input



------------------------------------------------------------------------------------------------
| Design Timing Summary
| ---------------------
------------------------------------------------------------------------------------------------

    WNS(ns)      TNS(ns)  TNS Failing Endpoints  TNS Total Endpoints      WHS(ns)      THS(ns)  THS Failing Endpoints  THS Total Endpoints     WPWS(ns)     TPWS(ns)  TPWS Failing Endpoints  TPWS Total Endpoints  
    -------      -------  ---------------------  -------------------      -------      -------  ---------------------  -------------------     --------     --------  ----------------------  --------------------  
        inf        0.000                      0                    4          inf        0.000                      0                    4           NA           NA                      NA                    NA  


There are no user specified timing constraints.


------------------------------------------------------------------------------------------------
| Clock Summary
| -------------
------------------------------------------------------------------------------------------------


------------------------------------------------------------------------------------------------
| Intra Clock Table
| -----------------
------------------------------------------------------------------------------------------------

Clock             WNS(ns)      TNS(ns)  TNS Failing Endpoints  TNS Total Endpoints      WHS(ns)      THS(ns)  THS Failing Endpoints  THS Total Endpoints     WPWS(ns)     TPWS(ns)  TPWS Failing Endpoints  TPWS Total Endpoints  
-----             -------      -------  ---------------------  -------------------      -------      -------  ---------------------  -------------------     --------     --------  ----------------------  --------------------  


------------------------------------------------------------------------------------------------
| Inter Clock Table
| -----------------
------------------------------------------------------------------------------------------------

From Clock    To Clock          WNS(ns)      TNS(ns)  TNS Failing Endpoints  TNS Total Endpoints      WHS(ns)      THS(ns)  THS Failing Endpoints  THS Total Endpoints  
----------    --------          -------      -------  ---------------------  -------------------      -------      -------  ---------------------  -------------------  


------------------------------------------------------------------------------------------------
| Other Path Groups Table
| -----------------------
------------------------------------------------------------------------------------------------

Path Group    From Clock    To Clock          WNS(ns)      TNS(ns)  TNS Failing Endpoints  TNS Total Endpoints      WHS(ns)      THS(ns)  THS Failing Endpoints  THS Total Endpoints  
----------    ----------    --------          -------      -------  ---------------------  -------------------      -------      -------  ---------------------  -------------------  


------------------------------------------------------------------------------------------------
| User Ignored Path Table
| -----------------------
------------------------------------------------------------------------------------------------

Path Group    From Clock    To Clock    
----------    ----------    --------    


------------------------------------------------------------------------------------------------
| Unconstrained Path Table
| ------------------------
------------------------------------------------------------------------------------------------

Path Group    From Clock    To Clock    
----------    ----------    --------    
(none)                                    


------------------------------------------------------------------------------------------------
| Timing Details
| --------------
------------------------------------------------------------------------------------------------


--------------------------------------------------------------------------------------
Path Group:  (none)
From Clock:  
  To Clock:  

Max Delay             4 Endpoints
Min Delay             4 Endpoints
--------------------------------------------------------------------------------------


Max Delay Paths
--------------------------------------------------------------------------------------
Slack:                    inf
  Source:                 B_1
                            (input port)
  Destination:            C_2
                            (output port)
  Path Group:             (none)
  Path Type:              Max at Slow Process Corner
  Data Path Delay:        11.097ns  (logic 5.393ns (48.603%)  route 5.703ns (51.397%))
  Logic Levels:           5  (IBUF=1 LUT2=3 OBUF=1)

    Location             Delay type                Incr(ns)  Path(ns)    Netlist Resource(s)
  -------------------------------------------------------------------    -------------------
    D20                                               0.000     0.000 r  B_1 (IN)
                         net (fo=0)                   0.000     0.000    B_1
    D20                  IBUF (Prop_ibuf_I_O)         1.464     1.464 r  B_1_IBUF_inst/O
                         net (fo=2, routed)           1.445     2.909    design_1_i/AND_Port_0/B
    SLICE_X112Y126       LUT2 (Prop_lut2_I1_O)        0.124     3.033 r  design_1_i/AND_Port_0/C_INST_0/O
                         net (fo=2, routed)           0.908     3.941    design_1_i/AND_Port_4/A
    SLICE_X112Y118       LUT2 (Prop_lut2_I0_O)        0.124     4.065 r  design_1_i/AND_Port_4/C_INST_0/O
                         net (fo=2, routed)           1.019     5.084    design_1_i/XOR_port_1/A
    SLICE_X112Y109       LUT2 (Prop_lut2_I1_O)        0.124     5.208 r  design_1_i/XOR_port_1/C_INST_0/O
                         net (fo=1, routed)           2.332     7.539    C_2_OBUF
    P14                  OBUF (Prop_obuf_I_O)         3.557    11.097 r  C_2_OBUF_inst/O
                         net (fo=0)                   0.000    11.097    C_2
    P14                                                               r  C_2 (OUT)
  -------------------------------------------------------------------    -------------------

Slack:                    inf
  Source:                 B_1
                            (input port)
  Destination:            C_3
                            (output port)
  Path Group:             (none)
  Path Type:              Max at Slow Process Corner
  Data Path Delay:        11.069ns  (logic 5.366ns (48.475%)  route 5.703ns (51.525%))
  Logic Levels:           5  (IBUF=1 LUT2=3 OBUF=1)

    Location             Delay type                Incr(ns)  Path(ns)    Netlist Resource(s)
  -------------------------------------------------------------------    -------------------
    D20                                               0.000     0.000 r  B_1 (IN)
                         net (fo=0)                   0.000     0.000    B_1
    D20                  IBUF (Prop_ibuf_I_O)         1.464     1.464 r  B_1_IBUF_inst/O
                         net (fo=2, routed)           1.445     2.909    design_1_i/AND_Port_0/B
    SLICE_X112Y126       LUT2 (Prop_lut2_I1_O)        0.124     3.033 r  design_1_i/AND_Port_0/C_INST_0/O
                         net (fo=2, routed)           0.908     3.941    design_1_i/AND_Port_4/A
    SLICE_X112Y118       LUT2 (Prop_lut2_I0_O)        0.124     4.065 r  design_1_i/AND_Port_4/C_INST_0/O
                         net (fo=2, routed)           1.021     5.086    design_1_i/AND_Port_5/A
    SLICE_X112Y109       LUT2 (Prop_lut2_I0_O)        0.124     5.210 r  design_1_i/AND_Port_5/C_INST_0/O
                         net (fo=1, routed)           2.330     7.539    C_3_OBUF
    R14                  OBUF (Prop_obuf_I_O)         3.530    11.069 r  C_3_OBUF_inst/O
                         net (fo=0)                   0.000    11.069    C_3
    R14                                                               r  C_3 (OUT)
  -------------------------------------------------------------------    -------------------

Slack:                    inf
  Source:                 B_1
                            (input port)
  Destination:            C_1
                            (output port)
  Path Group:             (none)
  Path Type:              Max at Slow Process Corner
  Data Path Delay:        9.555ns  (logic 5.284ns (55.307%)  route 4.270ns (44.693%))
  Logic Levels:           4  (IBUF=1 LUT2=2 OBUF=1)

    Location             Delay type                Incr(ns)  Path(ns)    Netlist Resource(s)
  -------------------------------------------------------------------    -------------------
    D20                                               0.000     0.000 r  B_1 (IN)
                         net (fo=0)                   0.000     0.000    B_1
    D20                  IBUF (Prop_ibuf_I_O)         1.464     1.464 r  B_1_IBUF_inst/O
                         net (fo=2, routed)           1.445     2.909    design_1_i/AND_Port_0/B
    SLICE_X112Y126       LUT2 (Prop_lut2_I1_O)        0.124     3.033 r  design_1_i/AND_Port_0/C_INST_0/O
                         net (fo=2, routed)           0.906     3.939    design_1_i/XOR_port_0/A
    SLICE_X112Y118       LUT2 (Prop_lut2_I1_O)        0.124     4.063 r  design_1_i/XOR_port_0/C_INST_0/O
                         net (fo=1, routed)           1.919     5.982    C_1_OBUF
    N16                  OBUF (Prop_obuf_I_O)         3.572     9.555 r  C_1_OBUF_inst/O
                         net (fo=0)                   0.000     9.555    C_1
    N16                                                               r  C_1 (OUT)
  -------------------------------------------------------------------    -------------------

Slack:                    inf
  Source:                 B_0
                            (input port)
  Destination:            C_0
                            (output port)
  Path Group:             (none)
  Path Type:              Max at Slow Process Corner
  Data Path Delay:        9.547ns  (logic 5.168ns (54.135%)  route 4.379ns (45.865%))
  Logic Levels:           3  (IBUF=1 LUT2=1 OBUF=1)

    Location             Delay type                Incr(ns)  Path(ns)    Netlist Resource(s)
  -------------------------------------------------------------------    -------------------
    D19                                               0.000     0.000 r  B_0 (IN)
                         net (fo=0)                   0.000     0.000    B_0
    D19                  IBUF (Prop_ibuf_I_O)         1.463     1.463 r  B_0_IBUF_inst/O
                         net (fo=2, routed)           2.015     3.479    design_1_i/AND_Port_1/B
    SLICE_X113Y126       LUT2 (Prop_lut2_I1_O)        0.124     3.603 r  design_1_i/AND_Port_1/C_INST_0/O
                         net (fo=1, routed)           2.364     5.966    C_0_OBUF
    M14                  OBUF (Prop_obuf_I_O)         3.581     9.547 r  C_0_OBUF_inst/O
                         net (fo=0)                   0.000     9.547    C_0
    M14                                                               r  C_0 (OUT)
  -------------------------------------------------------------------    -------------------





Min Delay Paths
--------------------------------------------------------------------------------------
Slack:                    inf
  Source:                 A_0
                            (input port)
  Destination:            C_0
                            (output port)
  Path Group:             (none)
  Path Type:              Min at Fast Process Corner
  Data Path Delay:        2.723ns  (logic 1.602ns (58.809%)  route 1.122ns (41.191%))
  Logic Levels:           3  (IBUF=1 LUT2=1 OBUF=1)

    Location             Delay type                Incr(ns)  Path(ns)    Netlist Resource(s)
  -------------------------------------------------------------------    -------------------
    L19                                               0.000     0.000 r  A_0 (IN)
                         net (fo=0)                   0.000     0.000    A_0
    L19                  IBUF (Prop_ibuf_I_O)         0.275     0.275 r  A_0_IBUF_inst/O
                         net (fo=2, routed)           0.473     0.748    design_1_i/AND_Port_1/A
    SLICE_X113Y126       LUT2 (Prop_lut2_I0_O)        0.045     0.793 r  design_1_i/AND_Port_1/C_INST_0/O
                         net (fo=1, routed)           0.649     1.442    C_0_OBUF
    M14                  OBUF (Prop_obuf_I_O)         1.281     2.723 r  C_0_OBUF_inst/O
                         net (fo=0)                   0.000     2.723    C_0
    M14                                                               r  C_0 (OUT)
  -------------------------------------------------------------------    -------------------

Slack:                    inf
  Source:                 B_0
                            (input port)
  Destination:            C_1
                            (output port)
  Path Group:             (none)
  Path Type:              Min at Fast Process Corner
  Data Path Delay:        2.908ns  (logic 1.594ns (54.821%)  route 1.314ns (45.179%))
  Logic Levels:           4  (IBUF=1 LUT2=2 OBUF=1)

    Location             Delay type                Incr(ns)  Path(ns)    Netlist Resource(s)
  -------------------------------------------------------------------    -------------------
    D19                                               0.000     0.000 r  B_0 (IN)
                         net (fo=0)                   0.000     0.000    B_0
    D19                  IBUF (Prop_ibuf_I_O)         0.231     0.231 r  B_0_IBUF_inst/O
                         net (fo=2, routed)           0.585     0.816    design_1_i/AND_Port_3/B
    SLICE_X112Y126       LUT2 (Prop_lut2_I1_O)        0.045     0.861 r  design_1_i/AND_Port_3/C_INST_0/O
                         net (fo=2, routed)           0.286     1.147    design_1_i/XOR_port_0/B
    SLICE_X112Y118       LUT2 (Prop_lut2_I0_O)        0.045     1.192 r  design_1_i/XOR_port_0/C_INST_0/O
                         net (fo=1, routed)           0.443     1.635    C_1_OBUF
    N16                  OBUF (Prop_obuf_I_O)         1.273     2.908 r  C_1_OBUF_inst/O
                         net (fo=0)                   0.000     2.908    C_1
    N16                                                               r  C_1 (OUT)
  -------------------------------------------------------------------    -------------------

Slack:                    inf
  Source:                 A_1
                            (input port)
  Destination:            C_3
                            (output port)
  Path Group:             (none)
  Path Type:              Min at Fast Process Corner
  Data Path Delay:        3.194ns  (logic 1.601ns (50.129%)  route 1.593ns (49.871%))
  Logic Levels:           4  (IBUF=1 LUT2=2 OBUF=1)

    Location             Delay type                Incr(ns)  Path(ns)    Netlist Resource(s)
  -------------------------------------------------------------------    -------------------
    L20                                               0.000     0.000 r  A_1 (IN)
                         net (fo=0)                   0.000     0.000    A_1
    L20                  IBUF (Prop_ibuf_I_O)         0.281     0.281 r  A_1_IBUF_inst/O
                         net (fo=2, routed)           0.487     0.768    design_1_i/AND_Port_2/A
    SLICE_X112Y126       LUT2 (Prop_lut2_I0_O)        0.045     0.813 r  design_1_i/AND_Port_2/C_INST_0/O
                         net (fo=2, routed)           0.491     1.304    design_1_i/AND_Port_5/B
    SLICE_X112Y109       LUT2 (Prop_lut2_I1_O)        0.045     1.349 r  design_1_i/AND_Port_5/C_INST_0/O
                         net (fo=1, routed)           0.615     1.964    C_3_OBUF
    R14                  OBUF (Prop_obuf_I_O)         1.231     3.194 r  C_3_OBUF_inst/O
                         net (fo=0)                   0.000     3.194    C_3
    R14                                                               r  C_3 (OUT)
  -------------------------------------------------------------------    -------------------

Slack:                    inf
  Source:                 A_1
                            (input port)
  Destination:            C_2
                            (output port)
  Path Group:             (none)
  Path Type:              Min at Fast Process Corner
  Data Path Delay:        3.306ns  (logic 1.629ns (49.254%)  route 1.678ns (50.746%))
  Logic Levels:           4  (IBUF=1 LUT2=2 OBUF=1)

    Location             Delay type                Incr(ns)  Path(ns)    Netlist Resource(s)
  -------------------------------------------------------------------    -------------------
    L20                                               0.000     0.000 r  A_1 (IN)
                         net (fo=0)                   0.000     0.000    A_1
    L20                  IBUF (Prop_ibuf_I_O)         0.281     0.281 r  A_1_IBUF_inst/O
                         net (fo=2, routed)           0.487     0.768    design_1_i/AND_Port_2/A
    SLICE_X112Y126       LUT2 (Prop_lut2_I0_O)        0.045     0.813 r  design_1_i/AND_Port_2/C_INST_0/O
                         net (fo=2, routed)           0.572     1.385    design_1_i/XOR_port_1/B
    SLICE_X112Y109       LUT2 (Prop_lut2_I0_O)        0.045     1.430 r  design_1_i/XOR_port_1/C_INST_0/O
                         net (fo=1, routed)           0.619     2.048    C_2_OBUF
    P14                  OBUF (Prop_obuf_I_O)         1.258     3.306 r  C_2_OBUF_inst/O
                         net (fo=0)                   0.000     3.306    C_2
    P14                                                               r  C_2 (OUT)
  -------------------------------------------------------------------    -------------------





