Copyright 1986-2022 Xilinx, Inc. All Rights Reserved. Copyright 2022-2023 Advanced Micro Devices, Inc. All Rights Reserved.
---------------------------------------------------------------------------------------------------------------------------------------------------------------------------------------------------------------------------------------------
| Tool Version : Vivado v.2023.1 (win64) Build 3865809 Sun May  7 15:05:29 MDT 2023
| Date         : Tue Nov 14 15:16:41 2023
| Host         : Bowen running 64-bit major release  (build 9200)
| Command      : report_timing_summary -max_paths 10 -report_unconstrained -file design_1_wrapper_timing_summary_routed.rpt -pb design_1_wrapper_timing_summary_routed.pb -rpx design_1_wrapper_timing_summary_routed.rpx -warn_on_violation
| Design       : design_1_wrapper
| Device       : 7z020-clg400
| Speed File   : -1  PRODUCTION 1.12 2019-11-22
| Design State : Routed
---------------------------------------------------------------------------------------------------------------------------------------------------------------------------------------------------------------------------------------------

Timing Summary Report

------------------------------------------------------------------------------------------------
| Timer Settings
| --------------
------------------------------------------------------------------------------------------------

  Enable Multi Corner Analysis               :  Yes
  Enable Pessimism Removal                   :  Yes
  Pessimism Removal Resolution               :  Nearest Common Node
  Enable Input Delay Default Clock           :  No
  Enable Preset / Clear Arcs                 :  No
  Disable Flight Delays                      :  No
  Ignore I/O Paths                           :  No
  Timing Early Launch at Borrowing Latches   :  No
  Borrow Time for Max Delay Exceptions       :  Yes
  Merge Timing Exceptions                    :  Yes

  Corner  Analyze    Analyze    
  Name    Max Paths  Min Paths  
  ------  ---------  ---------  
  Slow    Yes        Yes        
  Fast    Yes        Yes        


------------------------------------------------------------------------------------------------
| Report Methodology
| ------------------
------------------------------------------------------------------------------------------------

No report available as report_methodology has not been run prior. Run report_methodology on the current design for the summary of methodology violations.



check_timing report

Table of Contents
-----------------
1. checking no_clock (0)
2. checking constant_clock (0)
3. checking pulse_width_clock (0)
4. checking unconstrained_internal_endpoints (0)
5. checking no_input_delay (0)
6. checking no_output_delay (0)
7. checking multiple_clock (0)
8. checking generated_clocks (0)
9. checking loops (0)
10. checking partial_input_delay (0)
11. checking partial_output_delay (0)
12. checking latch_loops (0)

1. checking no_clock (0)
------------------------
 There are 0 register/latch pins with no clock.


2. checking constant_clock (0)
------------------------------
 There are 0 register/latch pins with constant_clock.


3. checking pulse_width_clock (0)
---------------------------------
 There are 0 register/latch pins which need pulse_width check


4. checking unconstrained_internal_endpoints (0)
------------------------------------------------
 There are 0 pins that are not constrained for maximum delay.

 There are 0 pins that are not constrained for maximum delay due to constant clock.


5. checking no_input_delay (0)
------------------------------
 There are 0 input ports with no input delay specified.

 There are 0 input ports with no input delay but user has a false path constraint.


6. checking no_output_delay (0)
-------------------------------
 There are 0 ports with no output delay specified.

 There are 0 ports with no output delay but user has a false path constraint

 There are 0 ports with no output delay but with a timing clock defined on it or propagating through it


7. checking multiple_clock (0)
------------------------------
 There are 0 register/latch pins with multiple clocks.


8. checking generated_clocks (0)
--------------------------------
 There are 0 generated clocks that are not connected to a clock source.


9. checking loops (0)
---------------------
 There are 0 combinational loops in the design.


10. checking partial_input_delay (0)
------------------------------------
 There are 0 input ports with partial input delay specified.


11. checking partial_output_delay (0)
-------------------------------------
 There are 0 ports with partial output delay specified.


12. checking latch_loops (0)
----------------------------
 There are 0 combinational latch loops in the design through latch input



------------------------------------------------------------------------------------------------
| Design Timing Summary
| ---------------------
------------------------------------------------------------------------------------------------

    WNS(ns)      TNS(ns)  TNS Failing Endpoints  TNS Total Endpoints      WHS(ns)      THS(ns)  THS Failing Endpoints  THS Total Endpoints     WPWS(ns)     TPWS(ns)  TPWS Failing Endpoints  TPWS Total Endpoints  
    -------      -------  ---------------------  -------------------      -------      -------  ---------------------  -------------------     --------     --------  ----------------------  --------------------  
        inf        0.000                      0                    3          inf        0.000                      0                    3           NA           NA                      NA                    NA  


There are no user specified timing constraints.


------------------------------------------------------------------------------------------------
| Clock Summary
| -------------
------------------------------------------------------------------------------------------------


------------------------------------------------------------------------------------------------
| Intra Clock Table
| -----------------
------------------------------------------------------------------------------------------------

Clock             WNS(ns)      TNS(ns)  TNS Failing Endpoints  TNS Total Endpoints      WHS(ns)      THS(ns)  THS Failing Endpoints  THS Total Endpoints     WPWS(ns)     TPWS(ns)  TPWS Failing Endpoints  TPWS Total Endpoints  
-----             -------      -------  ---------------------  -------------------      -------      -------  ---------------------  -------------------     --------     --------  ----------------------  --------------------  


------------------------------------------------------------------------------------------------
| Inter Clock Table
| -----------------
------------------------------------------------------------------------------------------------

From Clock    To Clock          WNS(ns)      TNS(ns)  TNS Failing Endpoints  TNS Total Endpoints      WHS(ns)      THS(ns)  THS Failing Endpoints  THS Total Endpoints  
----------    --------          -------      -------  ---------------------  -------------------      -------      -------  ---------------------  -------------------  


------------------------------------------------------------------------------------------------
| Other Path Groups Table
| -----------------------
------------------------------------------------------------------------------------------------

Path Group    From Clock    To Clock          WNS(ns)      TNS(ns)  TNS Failing Endpoints  TNS Total Endpoints      WHS(ns)      THS(ns)  THS Failing Endpoints  THS Total Endpoints  
----------    ----------    --------          -------      -------  ---------------------  -------------------      -------      -------  ---------------------  -------------------  


------------------------------------------------------------------------------------------------
| User Ignored Path Table
| -----------------------
------------------------------------------------------------------------------------------------

Path Group    From Clock    To Clock    
----------    ----------    --------    


------------------------------------------------------------------------------------------------
| Unconstrained Path Table
| ------------------------
------------------------------------------------------------------------------------------------

Path Group    From Clock    To Clock    
----------    ----------    --------    
(none)                                    


------------------------------------------------------------------------------------------------
| Timing Details
| --------------
------------------------------------------------------------------------------------------------


--------------------------------------------------------------------------------------
Path Group:  (none)
From Clock:  
  To Clock:  

Max Delay             3 Endpoints
Min Delay             3 Endpoints
--------------------------------------------------------------------------------------


Max Delay Paths
--------------------------------------------------------------------------------------
Slack:                    inf
  Source:                 BTN0
                            (input port)
  Destination:            LD1
                            (output port)
  Path Group:             (none)
  Path Type:              Max at Slow Process Corner
  Data Path Delay:        10.435ns  (logic 5.269ns (50.489%)  route 5.167ns (49.511%))
  Logic Levels:           4  (IBUF=1 LUT2=2 OBUF=1)

    Location             Delay type                Incr(ns)  Path(ns)    Netlist Resource(s)
  -------------------------------------------------------------------    -------------------
    D19                                               0.000     0.000 f  BTN0 (IN)
                         net (fo=0)                   0.000     0.000    BTN0
    D19                  IBUF (Prop_ibuf_I_O)         1.463     1.463 f  BTN0_IBUF_inst/O
                         net (fo=2, routed)           1.464     2.927    design_1_i/NAND_port_0/A
    SLICE_X113Y131       LUT2 (Prop_lut2_I0_O)        0.124     3.051 r  design_1_i/NAND_port_0/C_INST_0/O
                         net (fo=1, routed)           0.433     3.484    design_1_i/AND_port_1/A
    SLICE_X113Y131       LUT2 (Prop_lut2_I0_O)        0.124     3.608 r  design_1_i/AND_port_1/C_INST_0/O
                         net (fo=1, routed)           3.270     6.878    LD1_OBUF
    P14                  OBUF (Prop_obuf_I_O)         3.557    10.435 r  LD1_OBUF_inst/O
                         net (fo=0)                   0.000    10.435    LD1
    P14                                                               r  LD1 (OUT)
  -------------------------------------------------------------------    -------------------

Slack:                    inf
  Source:                 BTN3
                            (input port)
  Destination:            LD2
                            (output port)
  Path Group:             (none)
  Path Type:              Max at Slow Process Corner
  Data Path Delay:        10.260ns  (logic 5.328ns (51.929%)  route 4.932ns (48.071%))
  Logic Levels:           4  (IBUF=1 LUT2=2 OBUF=1)

    Location             Delay type                Incr(ns)  Path(ns)    Netlist Resource(s)
  -------------------------------------------------------------------    -------------------
    L19                                               0.000     0.000 r  BTN3 (IN)
                         net (fo=0)                   0.000     0.000    BTN3
    L19                  IBUF (Prop_ibuf_I_O)         1.508     1.508 r  BTN3_IBUF_inst/O
                         net (fo=2, routed)           1.564     3.071    design_1_i/AND_port_0/B
    SLICE_X112Y131       LUT2 (Prop_lut2_I1_O)        0.124     3.195 r  design_1_i/AND_port_0/C_INST_0/O
                         net (fo=1, routed)           0.867     4.063    design_1_i/XOR_port_0/B
    SLICE_X113Y131       LUT2 (Prop_lut2_I0_O)        0.124     4.187 r  design_1_i/XOR_port_0/C_INST_0/O
                         net (fo=1, routed)           2.501     6.688    LD2_OBUF
    N16                  OBUF (Prop_obuf_I_O)         3.572    10.260 r  LD2_OBUF_inst/O
                         net (fo=0)                   0.000    10.260    LD2
    N16                                                               r  LD2 (OUT)
  -------------------------------------------------------------------    -------------------

Slack:                    inf
  Source:                 BTN1
                            (input port)
  Destination:            LD3
                            (output port)
  Path Group:             (none)
  Path Type:              Max at Slow Process Corner
  Data Path Delay:        9.338ns  (logic 5.169ns (55.352%)  route 4.169ns (44.648%))
  Logic Levels:           3  (IBUF=1 LUT2=1 OBUF=1)

    Location             Delay type                Incr(ns)  Path(ns)    Netlist Resource(s)
  -------------------------------------------------------------------    -------------------
    D20                                               0.000     0.000 f  BTN1 (IN)
                         net (fo=0)                   0.000     0.000    BTN1
    D20                  IBUF (Prop_ibuf_I_O)         1.464     1.464 f  BTN1_IBUF_inst/O
                         net (fo=2, routed)           1.465     2.929    design_1_i/NOR_port_0/A
    SLICE_X113Y131       LUT2 (Prop_lut2_I0_O)        0.124     3.053 r  design_1_i/NOR_port_0/C_INST_0/O
                         net (fo=1, routed)           2.705     5.757    LD3_OBUF
    M14                  OBUF (Prop_obuf_I_O)         3.581     9.338 r  LD3_OBUF_inst/O
                         net (fo=0)                   0.000     9.338    LD3
    M14                                                               r  LD3 (OUT)
  -------------------------------------------------------------------    -------------------





Min Delay Paths
--------------------------------------------------------------------------------------
Slack:                    inf
  Source:                 BTN2
                            (input port)
  Destination:            LD2
                            (output port)
  Path Group:             (none)
  Path Type:              Min at Fast Process Corner
  Data Path Delay:        2.782ns  (logic 1.598ns (57.452%)  route 1.184ns (42.548%))
  Logic Levels:           3  (IBUF=1 LUT2=1 OBUF=1)

    Location             Delay type                Incr(ns)  Path(ns)    Netlist Resource(s)
  -------------------------------------------------------------------    -------------------
    L20                                               0.000     0.000 r  BTN2 (IN)
                         net (fo=0)                   0.000     0.000    BTN2
    L20                  IBUF (Prop_ibuf_I_O)         0.281     0.281 r  BTN2_IBUF_inst/O
                         net (fo=2, routed)           0.476     0.756    design_1_i/XOR_port_0/A
    SLICE_X113Y131       LUT2 (Prop_lut2_I1_O)        0.045     0.801 r  design_1_i/XOR_port_0/C_INST_0/O
                         net (fo=1, routed)           0.708     1.509    LD2_OBUF
    N16                  OBUF (Prop_obuf_I_O)         1.273     2.782 r  LD2_OBUF_inst/O
                         net (fo=0)                   0.000     2.782    LD2
    N16                                                               r  LD2 (OUT)
  -------------------------------------------------------------------    -------------------

Slack:                    inf
  Source:                 BTN3
                            (input port)
  Destination:            LD3
                            (output port)
  Path Group:             (none)
  Path Type:              Min at Fast Process Corner
  Data Path Delay:        2.821ns  (logic 1.602ns (56.766%)  route 1.220ns (43.234%))
  Logic Levels:           3  (IBUF=1 LUT2=1 OBUF=1)

    Location             Delay type                Incr(ns)  Path(ns)    Netlist Resource(s)
  -------------------------------------------------------------------    -------------------
    L19                                               0.000     0.000 f  BTN3 (IN)
                         net (fo=0)                   0.000     0.000    BTN3
    L19                  IBUF (Prop_ibuf_I_O)         0.275     0.275 f  BTN3_IBUF_inst/O
                         net (fo=2, routed)           0.432     0.707    design_1_i/NOR_port_0/B
    SLICE_X113Y131       LUT2 (Prop_lut2_I1_O)        0.045     0.752 r  design_1_i/NOR_port_0/C_INST_0/O
                         net (fo=1, routed)           0.788     1.540    LD3_OBUF
    M14                  OBUF (Prop_obuf_I_O)         1.281     2.821 r  LD3_OBUF_inst/O
                         net (fo=0)                   0.000     2.821    LD3
    M14                                                               r  LD3 (OUT)
  -------------------------------------------------------------------    -------------------

Slack:                    inf
  Source:                 BTN2
                            (input port)
  Destination:            LD1
                            (output port)
  Path Group:             (none)
  Path Type:              Min at Fast Process Corner
  Data Path Delay:        3.168ns  (logic 1.629ns (51.408%)  route 1.539ns (48.592%))
  Logic Levels:           4  (IBUF=1 LUT2=2 OBUF=1)

    Location             Delay type                Incr(ns)  Path(ns)    Netlist Resource(s)
  -------------------------------------------------------------------    -------------------
    L20                                               0.000     0.000 f  BTN2 (IN)
                         net (fo=0)                   0.000     0.000    BTN2
    L20                  IBUF (Prop_ibuf_I_O)         0.281     0.281 f  BTN2_IBUF_inst/O
                         net (fo=2, routed)           0.388     0.668    design_1_i/NAND_port_0/B
    SLICE_X113Y131       LUT2 (Prop_lut2_I1_O)        0.045     0.713 r  design_1_i/NAND_port_0/C_INST_0/O
                         net (fo=1, routed)           0.135     0.848    design_1_i/AND_port_1/A
    SLICE_X113Y131       LUT2 (Prop_lut2_I0_O)        0.045     0.893 r  design_1_i/AND_port_1/C_INST_0/O
                         net (fo=1, routed)           1.017     1.910    LD1_OBUF
    P14                  OBUF (Prop_obuf_I_O)         1.258     3.168 r  LD1_OBUF_inst/O
                         net (fo=0)                   0.000     3.168    LD1
    P14                                                               r  LD1 (OUT)
  -------------------------------------------------------------------    -------------------





