
*** Running vivado
    with args -log design_1_AND_port_0_1.vds -m64 -product Vivado -mode batch -messageDb vivado.pb -notrace -source design_1_AND_port_0_1.tcl


ECHO is off.
ECHO is off.

****** Vivado v2023.1 (64-bit)
  **** SW Build 3865809 on Sun May  7 15:05:29 MDT 2023
  **** IP Build 3864474 on Sun May  7 20:36:21 MDT 2023
  **** SharedData Build 3865790 on Sun May 07 13:33:03 MDT 2023
    ** Copyright 1986-2022 Xilinx, Inc. All Rights Reserved.
    ** Copyright 2022-2023 Advanced Micro Devices, Inc. All Rights Reserved.

source design_1_AND_port_0_1.tcl -notrace
create_project: Time (s): cpu = 00:00:25 ; elapsed = 00:00:29 . Memory (MB): peak = 426.578 ; gain = 162.723
INFO: [IP_Flow 19-234] Refreshing IP repositories
INFO: [IP_Flow 19-1704] No user IP repositories specified
INFO: [IP_Flow 19-2313] Loaded Vivado IP repository 'C:/Xilinx/Vivado/2023.1/data/ip'.
INFO: [IP_Flow 19-6924] IPCACHE: Running cache check for IP inst: design_1_AND_port_0_1
Command: synth_design -top design_1_AND_port_0_1 -part xc7z020clg400-1 -incremental_mode off -mode out_of_context
Starting synth_design
Attempting to get a license for feature 'Synthesis' and/or device 'xc7z020'
INFO: [Common 17-349] Got license for feature 'Synthesis' and/or device 'xc7z020'
INFO: [Designutils 20-5008] Incremental synthesis strategy off
INFO: [Synth 8-7079] Multithreading enabled for synth_design using a maximum of 2 processes.
INFO: [Synth 8-7078] Launching helper process for spawning children vivado processes
INFO: [Synth 8-7075] Helper process launched with PID 3820
---------------------------------------------------------------------------------
Starting Synthesize : Time (s): cpu = 00:00:20 ; elapsed = 00:00:35 . Memory (MB): peak = 877.949 ; gain = 411.176
---------------------------------------------------------------------------------
INFO: [Synth 8-638] synthesizing module 'design_1_AND_port_0_1' [c:/devWorks/Labo4_oef9/Labo4_oef9.gen/sources_1/bd/design_1/ip/design_1_AND_port_0_1/synth/design_1_AND_port_0_1.vhd:65]
INFO: [Synth 8-3491] module 'AND_port' declared at 'C:/devWorks/Labo4_oef9/Labo4_oef9.srcs/sources_1/new/AND_port.vhd:34' bound to instance 'U0' of component 'AND_port' [c:/devWorks/Labo4_oef9/Labo4_oef9.gen/sources_1/bd/design_1/ip/design_1_AND_port_0_1/synth/design_1_AND_port_0_1.vhd:85]
INFO: [Synth 8-638] synthesizing module 'AND_port' [C:/devWorks/Labo4_oef9/Labo4_oef9.srcs/sources_1/new/AND_port.vhd:41]
INFO: [Synth 8-256] done synthesizing module 'AND_port' (0#1) [C:/devWorks/Labo4_oef9/Labo4_oef9.srcs/sources_1/new/AND_port.vhd:41]
INFO: [Synth 8-256] done synthesizing module 'design_1_AND_port_0_1' (0#1) [c:/devWorks/Labo4_oef9/Labo4_oef9.gen/sources_1/bd/design_1/ip/design_1_AND_port_0_1/synth/design_1_AND_port_0_1.vhd:65]
---------------------------------------------------------------------------------
Finished Synthesize : Time (s): cpu = 00:00:26 ; elapsed = 00:00:43 . Memory (MB): peak = 968.012 ; gain = 501.238
---------------------------------------------------------------------------------
---------------------------------------------------------------------------------
Finished Constraint Validation : Time (s): cpu = 00:00:29 ; elapsed = 00:00:46 . Memory (MB): peak = 968.012 ; gain = 501.238
---------------------------------------------------------------------------------
---------------------------------------------------------------------------------
Start Loading Part and Timing Information
---------------------------------------------------------------------------------
Loading part: xc7z020clg400-1
---------------------------------------------------------------------------------
Finished Loading Part and Timing Information : Time (s): cpu = 00:00:29 ; elapsed = 00:00:46 . Memory (MB): peak = 968.012 ; gain = 501.238
---------------------------------------------------------------------------------
INFO: [Device 21-403] Loading part xc7z020clg400-1
---------------------------------------------------------------------------------
Finished RTL Optimization Phase 2 : Time (s): cpu = 00:00:30 ; elapsed = 00:00:48 . Memory (MB): peak = 968.012 ; gain = 501.238
---------------------------------------------------------------------------------
No constraint files found.
---------------------------------------------------------------------------------
Start RTL Component Statistics 
---------------------------------------------------------------------------------
Detailed RTL Component Info : 
---------------------------------------------------------------------------------
Finished RTL Component Statistics 
---------------------------------------------------------------------------------
---------------------------------------------------------------------------------
Start Part Resource Summary
---------------------------------------------------------------------------------
Part Resources:
DSPs: 220 (col length:60)
BRAMs: 280 (col length: RAMB18 60 RAMB36 30)
---------------------------------------------------------------------------------
Finished Part Resource Summary
---------------------------------------------------------------------------------
No constraint files found.
---------------------------------------------------------------------------------
Start Cross Boundary and Area Optimization
---------------------------------------------------------------------------------
WARNING: [Synth 8-7080] Parallel synthesis criteria is not met
---------------------------------------------------------------------------------
Finished Cross Boundary and Area Optimization : Time (s): cpu = 00:00:50 ; elapsed = 00:01:13 . Memory (MB): peak = 1176.465 ; gain = 709.691
---------------------------------------------------------------------------------
No constraint files found.
---------------------------------------------------------------------------------
Start Timing Optimization
---------------------------------------------------------------------------------
---------------------------------------------------------------------------------
Finished Timing Optimization : Time (s): cpu = 00:00:50 ; elapsed = 00:01:13 . Memory (MB): peak = 1176.465 ; gain = 709.691
---------------------------------------------------------------------------------
---------------------------------------------------------------------------------
Start Technology Mapping
---------------------------------------------------------------------------------
---------------------------------------------------------------------------------
Finished Technology Mapping : Time (s): cpu = 00:00:50 ; elapsed = 00:01:14 . Memory (MB): peak = 1176.465 ; gain = 709.691
---------------------------------------------------------------------------------
---------------------------------------------------------------------------------
Start IO Insertion
---------------------------------------------------------------------------------
---------------------------------------------------------------------------------
Start Flattening Before IO Insertion
---------------------------------------------------------------------------------
---------------------------------------------------------------------------------
Finished Flattening Before IO Insertion
---------------------------------------------------------------------------------
---------------------------------------------------------------------------------
Start Final Netlist Cleanup
---------------------------------------------------------------------------------
---------------------------------------------------------------------------------
Finished Final Netlist Cleanup
---------------------------------------------------------------------------------
