Copyright 1986-2022 Xilinx, Inc. All Rights Reserved. Copyright 2022-2023 Advanced Micro Devices, Inc. All Rights Reserved.
---------------------------------------------------------------------------------------------------------------------------------------------------------------------------------------------------------------------------
| Tool Version : Vivado v.2023.1 (win64) Build 3865809 Sun May  7 15:05:29 MDT 2023
| Date         : Thu Oct 19 14:05:39 2023
| Host         : Bowen running 64-bit major release  (build 9200)
| Command      : report_timing_summary -max_paths 10 -report_unconstrained -file Labo3_oef1_timing_summary_routed.rpt -pb Labo3_oef1_timing_summary_routed.pb -rpx Labo3_oef1_timing_summary_routed.rpx -warn_on_violation
| Design       : Labo3_oef1
| Device       : 7z020-clg400
| Speed File   : -1  PRODUCTION 1.12 2019-11-22
| Design State : Routed
---------------------------------------------------------------------------------------------------------------------------------------------------------------------------------------------------------------------------

Timing Summary Report

------------------------------------------------------------------------------------------------
| Timer Settings
| --------------
------------------------------------------------------------------------------------------------

  Enable Multi Corner Analysis               :  Yes
  Enable Pessimism Removal                   :  Yes
  Pessimism Removal Resolution               :  Nearest Common Node
  Enable Input Delay Default Clock           :  No
  Enable Preset / Clear Arcs                 :  No
  Disable Flight Delays                      :  No
  Ignore I/O Paths                           :  No
  Timing Early Launch at Borrowing Latches   :  No
  Borrow Time for Max Delay Exceptions       :  Yes
  Merge Timing Exceptions                    :  Yes

  Corner  Analyze    Analyze    
  Name    Max Paths  Min Paths  
  ------  ---------  ---------  
  Slow    Yes        Yes        
  Fast    Yes        Yes        


------------------------------------------------------------------------------------------------
| Report Methodology
| ------------------
------------------------------------------------------------------------------------------------

No report available as report_methodology has not been run prior. Run report_methodology on the current design for the summary of methodology violations.



check_timing report

Table of Contents
-----------------
1. checking no_clock (0)
2. checking constant_clock (0)
3. checking pulse_width_clock (0)
4. checking unconstrained_internal_endpoints (0)
5. checking no_input_delay (0)
6. checking no_output_delay (0)
7. checking multiple_clock (0)
8. checking generated_clocks (0)
9. checking loops (0)
10. checking partial_input_delay (0)
11. checking partial_output_delay (0)
12. checking latch_loops (0)

1. checking no_clock (0)
------------------------
 There are 0 register/latch pins with no clock.


2. checking constant_clock (0)
------------------------------
 There are 0 register/latch pins with constant_clock.


3. checking pulse_width_clock (0)
---------------------------------
 There are 0 register/latch pins which need pulse_width check


4. checking unconstrained_internal_endpoints (0)
------------------------------------------------
 There are 0 pins that are not constrained for maximum delay.

 There are 0 pins that are not constrained for maximum delay due to constant clock.


5. checking no_input_delay (0)
------------------------------
 There are 0 input ports with no input delay specified.

 There are 0 input ports with no input delay but user has a false path constraint.


6. checking no_output_delay (0)
-------------------------------
 There are 0 ports with no output delay specified.

 There are 0 ports with no output delay but user has a false path constraint

 There are 0 ports with no output delay but with a timing clock defined on it or propagating through it


7. checking multiple_clock (0)
------------------------------
 There are 0 register/latch pins with multiple clocks.


8. checking generated_clocks (0)
--------------------------------
 There are 0 generated clocks that are not connected to a clock source.


9. checking loops (0)
---------------------
 There are 0 combinational loops in the design.


10. checking partial_input_delay (0)
------------------------------------
 There are 0 input ports with partial input delay specified.


11. checking partial_output_delay (0)
-------------------------------------
 There are 0 ports with partial output delay specified.


12. checking latch_loops (0)
----------------------------
 There are 0 combinational latch loops in the design through latch input



------------------------------------------------------------------------------------------------
| Design Timing Summary
| ---------------------
------------------------------------------------------------------------------------------------

    WNS(ns)      TNS(ns)  TNS Failing Endpoints  TNS Total Endpoints      WHS(ns)      THS(ns)  THS Failing Endpoints  THS Total Endpoints     WPWS(ns)     TPWS(ns)  TPWS Failing Endpoints  TPWS Total Endpoints  
    -------      -------  ---------------------  -------------------      -------      -------  ---------------------  -------------------     --------     --------  ----------------------  --------------------  
        inf        0.000                      0                    3          inf        0.000                      0                    3           NA           NA                      NA                    NA  


There are no user specified timing constraints.


------------------------------------------------------------------------------------------------
| Clock Summary
| -------------
------------------------------------------------------------------------------------------------


------------------------------------------------------------------------------------------------
| Intra Clock Table
| -----------------
------------------------------------------------------------------------------------------------

Clock             WNS(ns)      TNS(ns)  TNS Failing Endpoints  TNS Total Endpoints      WHS(ns)      THS(ns)  THS Failing Endpoints  THS Total Endpoints     WPWS(ns)     TPWS(ns)  TPWS Failing Endpoints  TPWS Total Endpoints  
-----             -------      -------  ---------------------  -------------------      -------      -------  ---------------------  -------------------     --------     --------  ----------------------  --------------------  


------------------------------------------------------------------------------------------------
| Inter Clock Table
| -----------------
------------------------------------------------------------------------------------------------

From Clock    To Clock          WNS(ns)      TNS(ns)  TNS Failing Endpoints  TNS Total Endpoints      WHS(ns)      THS(ns)  THS Failing Endpoints  THS Total Endpoints  
----------    --------          -------      -------  ---------------------  -------------------      -------      -------  ---------------------  -------------------  


------------------------------------------------------------------------------------------------
| Other Path Groups Table
| -----------------------
------------------------------------------------------------------------------------------------

Path Group    From Clock    To Clock          WNS(ns)      TNS(ns)  TNS Failing Endpoints  TNS Total Endpoints      WHS(ns)      THS(ns)  THS Failing Endpoints  THS Total Endpoints  
----------    ----------    --------          -------      -------  ---------------------  -------------------      -------      -------  ---------------------  -------------------  


------------------------------------------------------------------------------------------------
| User Ignored Path Table
| -----------------------
------------------------------------------------------------------------------------------------

Path Group    From Clock    To Clock    
----------    ----------    --------    


------------------------------------------------------------------------------------------------
| Unconstrained Path Table
| ------------------------
------------------------------------------------------------------------------------------------

Path Group    From Clock    To Clock    
----------    ----------    --------    
(none)                                    


------------------------------------------------------------------------------------------------
| Timing Details
| --------------
------------------------------------------------------------------------------------------------


--------------------------------------------------------------------------------------
Path Group:  (none)
From Clock:  
  To Clock:  

Max Delay             3 Endpoints
Min Delay             3 Endpoints
--------------------------------------------------------------------------------------


Max Delay Paths
--------------------------------------------------------------------------------------
Slack:                    inf
  Source:                 SW1
                            (input port)
  Destination:            LED0
                            (output port)
  Path Group:             (none)
  Path Type:              Max at Slow Process Corner
  Data Path Delay:        9.886ns  (logic 5.186ns (52.462%)  route 4.700ns (47.538%))
  Logic Levels:           3  (IBUF=1 LUT2=1 OBUF=1)

    Location             Delay type                Incr(ns)  Path(ns)    Netlist Resource(s)
  -------------------------------------------------------------------    -------------------
    M19                                               0.000     0.000 r  SW1 (IN)
                         net (fo=0)                   0.000     0.000    SW1
    M19                  IBUF (Prop_ibuf_I_O)         1.533     1.533 r  SW1_IBUF_inst/O
                         net (fo=1, routed)           1.366     2.898    SW1_IBUF
    SLICE_X113Y135       LUT2 (Prop_lut2_I0_O)        0.124     3.022 r  LED0_OBUF_inst_i_1/O
                         net (fo=1, routed)           3.334     6.356    LED0_OBUF
    R14                  OBUF (Prop_obuf_I_O)         3.530     9.886 r  LED0_OBUF_inst/O
                         net (fo=0)                   0.000     9.886    LED0
    R14                                                               r  LED0 (OUT)
  -------------------------------------------------------------------    -------------------

Slack:                    inf
  Source:                 BTN1
                            (input port)
  Destination:            LED1
                            (output port)
  Path Group:             (none)
  Path Type:              Max at Slow Process Corner
  Data Path Delay:        9.669ns  (logic 5.145ns (53.215%)  route 4.524ns (46.785%))
  Logic Levels:           3  (IBUF=1 LUT2=1 OBUF=1)

    Location             Delay type                Incr(ns)  Path(ns)    Netlist Resource(s)
  -------------------------------------------------------------------    -------------------
    D20                                               0.000     0.000 r  BTN1 (IN)
                         net (fo=0)                   0.000     0.000    BTN1
    D20                  IBUF (Prop_ibuf_I_O)         1.464     1.464 r  BTN1_IBUF_inst/O
                         net (fo=1, routed)           1.001     2.465    BTN1_IBUF
    SLICE_X113Y141       LUT2 (Prop_lut2_I0_O)        0.124     2.589 r  LED1_OBUF_inst_i_1/O
                         net (fo=1, routed)           3.523     6.111    LED1_OBUF
    P14                  OBUF (Prop_obuf_I_O)         3.557     9.669 r  LED1_OBUF_inst/O
                         net (fo=0)                   0.000     9.669    LED1
    P14                                                               r  LED1 (OUT)
  -------------------------------------------------------------------    -------------------

Slack:                    inf
  Source:                 BTN2
                            (input port)
  Destination:            LED2
                            (output port)
  Path Group:             (none)
  Path Type:              Max at Slow Process Corner
  Data Path Delay:        8.723ns  (logic 5.209ns (59.721%)  route 3.514ns (40.279%))
  Logic Levels:           3  (IBUF=1 LUT2=1 OBUF=1)

    Location             Delay type                Incr(ns)  Path(ns)    Netlist Resource(s)
  -------------------------------------------------------------------    -------------------
    L20                                               0.000     0.000 f  BTN2 (IN)
                         net (fo=0)                   0.000     0.000    BTN2
    L20                  IBUF (Prop_ibuf_I_O)         1.513     1.513 f  BTN2_IBUF_inst/O
                         net (fo=1, routed)           1.001     2.514    BTN2_IBUF
    SLICE_X113Y131       LUT2 (Prop_lut2_I0_O)        0.124     2.638 r  LED2_OBUF_inst_i_1/O
                         net (fo=1, routed)           2.513     5.151    LED2_OBUF
    N16                  OBUF (Prop_obuf_I_O)         3.572     8.723 r  LED2_OBUF_inst/O
                         net (fo=0)                   0.000     8.723    LED2
    N16                                                               r  LED2 (OUT)
  -------------------------------------------------------------------    -------------------





Min Delay Paths
--------------------------------------------------------------------------------------
Slack:                    inf
  Source:                 BTN3
                            (input port)
  Destination:            LED2
                            (output port)
  Path Group:             (none)
  Path Type:              Min at Fast Process Corner
  Data Path Delay:        2.631ns  (logic 1.593ns (60.543%)  route 1.038ns (39.457%))
  Logic Levels:           3  (IBUF=1 LUT2=1 OBUF=1)

    Location             Delay type                Incr(ns)  Path(ns)    Netlist Resource(s)
  -------------------------------------------------------------------    -------------------
    L19                                               0.000     0.000 f  BTN3 (IN)
                         net (fo=0)                   0.000     0.000    BTN3
    L19                  IBUF (Prop_ibuf_I_O)         0.275     0.275 f  BTN3_IBUF_inst/O
                         net (fo=1, routed)           0.335     0.610    BTN3_IBUF
    SLICE_X113Y131       LUT2 (Prop_lut2_I1_O)        0.045     0.655 r  LED2_OBUF_inst_i_1/O
                         net (fo=1, routed)           0.704     1.358    LED2_OBUF
    N16                  OBUF (Prop_obuf_I_O)         1.273     2.631 r  LED2_OBUF_inst/O
                         net (fo=0)                   0.000     2.631    LED2
    N16                                                               r  LED2 (OUT)
  -------------------------------------------------------------------    -------------------

Slack:                    inf
  Source:                 BTN0
                            (input port)
  Destination:            LED1
                            (output port)
  Path Group:             (none)
  Path Type:              Min at Fast Process Corner
  Data Path Delay:        2.995ns  (logic 1.534ns (51.237%)  route 1.460ns (48.763%))
  Logic Levels:           3  (IBUF=1 LUT2=1 OBUF=1)

    Location             Delay type                Incr(ns)  Path(ns)    Netlist Resource(s)
  -------------------------------------------------------------------    -------------------
    D19                                               0.000     0.000 r  BTN0 (IN)
                         net (fo=0)                   0.000     0.000    BTN0
    D19                  IBUF (Prop_ibuf_I_O)         0.231     0.231 r  BTN0_IBUF_inst/O
                         net (fo=1, routed)           0.335     0.566    BTN0_IBUF
    SLICE_X113Y141       LUT2 (Prop_lut2_I1_O)        0.045     0.611 r  LED1_OBUF_inst_i_1/O
                         net (fo=1, routed)           1.126     1.737    LED1_OBUF
    P14                  OBUF (Prop_obuf_I_O)         1.258     2.995 r  LED1_OBUF_inst/O
                         net (fo=0)                   0.000     2.995    LED1
    P14                                                               r  LED1 (OUT)
  -------------------------------------------------------------------    -------------------

Slack:                    inf
  Source:                 SW0
                            (input port)
  Destination:            LED0
                            (output port)
  Path Group:             (none)
  Path Type:              Min at Fast Process Corner
  Data Path Delay:        3.009ns  (logic 1.585ns (52.679%)  route 1.424ns (47.321%))
  Logic Levels:           3  (IBUF=1 LUT2=1 OBUF=1)

    Location             Delay type                Incr(ns)  Path(ns)    Netlist Resource(s)
  -------------------------------------------------------------------    -------------------
    M20                                               0.000     0.000 r  SW0 (IN)
                         net (fo=0)                   0.000     0.000    SW0
    M20                  IBUF (Prop_ibuf_I_O)         0.309     0.309 r  SW0_IBUF_inst/O
                         net (fo=1, routed)           0.375     0.684    SW0_IBUF
    SLICE_X113Y135       LUT2 (Prop_lut2_I1_O)        0.045     0.729 r  LED0_OBUF_inst_i_1/O
                         net (fo=1, routed)           1.049     1.778    LED0_OBUF
    R14                  OBUF (Prop_obuf_I_O)         1.231     3.009 r  LED0_OBUF_inst/O
                         net (fo=0)                   0.000     3.009    LED0
    R14                                                               r  LED0 (OUT)
  -------------------------------------------------------------------    -------------------





