
*** Running vivado
    with args -log ClockDivider.vds -m64 -product Vivado -mode batch -messageDb vivado.pb -notrace -source ClockDivider.tcl


ECHO is off.
ECHO is off.

****** Vivado v2023.1 (64-bit)
  **** SW Build 3865809 on Sun May  7 15:05:29 MDT 2023
  **** IP Build 3864474 on Sun May  7 20:36:21 MDT 2023
  **** SharedData Build 3865790 on Sun May 07 13:33:03 MDT 2023
    ** Copyright 1986-2022 Xilinx, Inc. All Rights Reserved.
    ** Copyright 2022-2023 Advanced Micro Devices, Inc. All Rights Reserved.

source ClockDivider.tcl -notrace
create_project: Time (s): cpu = 00:00:08 ; elapsed = 00:00:15 . Memory (MB): peak = 426.891 ; gain = 164.762
Command: read_checkpoint -auto_incremental -incremental C:/devWorks/PEZevenSegment/PEZevenSegment.srcs/utils_1/imports/synth_1/PMOD.dcp
INFO: [Vivado 12-5825] Read reference checkpoint from C:/devWorks/PEZevenSegment/PEZevenSegment.srcs/utils_1/imports/synth_1/PMOD.dcp for incremental synthesis
INFO: [Vivado 12-7989] Please ensure there are no constraint changes
Command: synth_design -top ClockDivider -part xc7z020clg400-1
Starting synth_design
Attempting to get a license for feature 'Synthesis' and/or device 'xc7z020'
INFO: [Common 17-349] Got license for feature 'Synthesis' and/or device 'xc7z020'
INFO: [Device 21-403] Loading part xc7z020clg400-1
INFO: [Synth 8-7079] Multithreading enabled for synth_design using a maximum of 2 processes.
INFO: [Synth 8-7078] Launching helper process for spawning children vivado processes
INFO: [Synth 8-7075] Helper process launched with PID 2600
---------------------------------------------------------------------------------
Starting RTL Elaboration : Time (s): cpu = 00:00:08 ; elapsed = 00:00:13 . Memory (MB): peak = 1274.355 ; gain = 409.227
---------------------------------------------------------------------------------
INFO: [Synth 8-638] synthesizing module 'ClockDivider' [C:/devWorks/PEZevenSegment/PEZevenSegment.srcs/sources_1/new/clockdivider.vhd:41]
INFO: [Synth 8-256] done synthesizing module 'ClockDivider' (0#1) [C:/devWorks/PEZevenSegment/PEZevenSegment.srcs/sources_1/new/clockdivider.vhd:41]
---------------------------------------------------------------------------------
Finished RTL Elaboration : Time (s): cpu = 00:00:10 ; elapsed = 00:00:17 . Memory (MB): peak = 1363.922 ; gain = 498.793
---------------------------------------------------------------------------------
---------------------------------------------------------------------------------
Start Handling Custom Attributes
---------------------------------------------------------------------------------
---------------------------------------------------------------------------------
Finished Handling Custom Attributes : Time (s): cpu = 00:00:10 ; elapsed = 00:00:18 . Memory (MB): peak = 1363.922 ; gain = 498.793
---------------------------------------------------------------------------------
---------------------------------------------------------------------------------
Finished RTL Optimization Phase 1 : Time (s): cpu = 00:00:10 ; elapsed = 00:00:18 . Memory (MB): peak = 1363.922 ; gain = 498.793
---------------------------------------------------------------------------------
Netlist sorting complete. Time (s): cpu = 00:00:00 ; elapsed = 00:00:00.002 . Memory (MB): peak = 1363.922 ; gain = 0.000
INFO: [Project 1-570] Preparing netlist for logic optimization

Processing XDC Constraints
Initializing timing engine
Parsing XDC File [C:/devWorks/PEZevenSegment/PEZevenSegment.srcs/constrs_2/new/Segment.xdc]
WARNING: [Vivado 12-584] No ports matched 'clk_in1_0'. [C:/devWorks/PEZevenSegment/PEZevenSegment.srcs/constrs_2/new/Segment.xdc:4]
CRITICAL WARNING: [Common 17-55] 'set_property' expects at least one object. [C:/devWorks/PEZevenSegment/PEZevenSegment.srcs/constrs_2/new/Segment.xdc:4]
Resolution: If [get_<value>] was used to populate the object, check to make sure this command returns at least one valid object.
WARNING: [Vivado 12-584] No ports matched 'clk_in1_0'. [C:/devWorks/PEZevenSegment/PEZevenSegment.srcs/constrs_2/new/Segment.xdc:5]
CRITICAL WARNING: [Common 17-55] 'set_property' expects at least one object. [C:/devWorks/PEZevenSegment/PEZevenSegment.srcs/constrs_2/new/Segment.xdc:5]
Resolution: If [get_<value>] was used to populate the object, check to make sure this command returns at least one valid object.
WARNING: [Vivado 12-584] No ports matched 'reset_0'. [C:/devWorks/PEZevenSegment/PEZevenSegment.srcs/constrs_2/new/Segment.xdc:6]
CRITICAL WARNING: [Common 17-55] 'set_property' expects at least one object. [C:/devWorks/PEZevenSegment/PEZevenSegment.srcs/constrs_2/new/Segment.xdc:6]
Resolution: If [get_<value>] was used to populate the object, check to make sure this command returns at least one valid object.
WARNING: [Vivado 12-584] No ports matched 'display2_0[6]'. [C:/devWorks/PEZevenSegment/PEZevenSegment.srcs/constrs_2/new/Segment.xdc:7]
CRITICAL WARNING: [Common 17-55] 'set_property' expects at least one object. [C:/devWorks/PEZevenSegment/PEZevenSegment.srcs/constrs_2/new/Segment.xdc:7]
Resolution: If [get_<value>] was used to populate the object, check to make sure this command returns at least one valid object.
WARNING: [Vivado 12-584] No ports matched 'display2_0[5]'. [C:/devWorks/PEZevenSegment/PEZevenSegment.srcs/constrs_2/new/Segment.xdc:8]
CRITICAL WARNING: [Common 17-55] 'set_property' expects at least one object. [C:/devWorks/PEZevenSegment/PEZevenSegment.srcs/constrs_2/new/Segment.xdc:8]
Resolution: If [get_<value>] was used to populate the object, check to make sure this command returns at least one valid object.
WARNING: [Vivado 12-584] No ports matched 'display2_0[4]'. [C:/devWorks/PEZevenSegment/PEZevenSegment.srcs/constrs_2/new/Segment.xdc:9]
CRITICAL WARNING: [Common 17-55] 'set_property' expects at least one object. [C:/devWorks/PEZevenSegment/PEZevenSegment.srcs/constrs_2/new/Segment.xdc:9]
Resolution: If [get_<value>] was used to populate the object, check to make sure this command returns at least one valid object.
WARNING: [Vivado 12-584] No ports matched 'display2_0[3]'. [C:/devWorks/PEZevenSegment/PEZevenSegment.srcs/constrs_2/new/Segment.xdc:10]
CRITICAL WARNING: [Common 17-55] 'set_property' expects at least one object. [C:/devWorks/PEZevenSegment/PEZevenSegment.srcs/constrs_2/new/Segment.xdc:10]
Resolution: If [get_<value>] was used to populate the object, check to make sure this command returns at least one valid object.
WARNING: [Vivado 12-584] No ports matched 'display2_0[2]'. [C:/devWorks/PEZevenSegment/PEZevenSegment.srcs/constrs_2/new/Segment.xdc:11]
CRITICAL WARNING: [Common 17-55] 'set_property' expects at least one object. [C:/devWorks/PEZevenSegment/PEZevenSegment.srcs/constrs_2/new/Segment.xdc:11]
Resolution: If [get_<value>] was used to populate the object, check to make sure this command returns at least one valid object.
WARNING: [Vivado 12-584] No ports matched 'display2_0[1]'. [C:/devWorks/PEZevenSegment/PEZevenSegment.srcs/constrs_2/new/Segment.xdc:12]
CRITICAL WARNING: [Common 17-55] 'set_property' expects at least one object. [C:/devWorks/PEZevenSegment/PEZevenSegment.srcs/constrs_2/new/Segment.xdc:12]
Resolution: If [get_<value>] was used to populate the object, check to make sure this command returns at least one valid object.
WARNING: [Vivado 12-584] No ports matched 'display2_0[0]'. [C:/devWorks/PEZevenSegment/PEZevenSegment.srcs/constrs_2/new/Segment.xdc:13]
CRITICAL WARNING: [Common 17-55] 'set_property' expects at least one object. [C:/devWorks/PEZevenSegment/PEZevenSegment.srcs/constrs_2/new/Segment.xdc:13]
Resolution: If [get_<value>] was used to populate the object, check to make sure this command returns at least one valid object.
WARNING: [Vivado 12-584] No ports matched 'display1_0[6]'. [C:/devWorks/PEZevenSegment/PEZevenSegment.srcs/constrs_2/new/Segment.xdc:14]
CRITICAL WARNING: [Common 17-55] 'set_property' expects at least one object. [C:/devWorks/PEZevenSegment/PEZevenSegment.srcs/constrs_2/new/Segment.xdc:14]
Resolution: If [get_<value>] was used to populate the object, check to make sure this command returns at least one valid object.
WARNING: [Vivado 12-584] No ports matched 'display1_0[5]'. [C:/devWorks/PEZevenSegment/PEZevenSegment.srcs/constrs_2/new/Segment.xdc:15]
CRITICAL WARNING: [Common 17-55] 'set_property' expects at least one object. [C:/devWorks/PEZevenSegment/PEZevenSegment.srcs/constrs_2/new/Segment.xdc:15]
Resolution: If [get_<value>] was used to populate the object, check to make sure this command returns at least one valid object.
WARNING: [Vivado 12-584] No ports matched 'display1_0[4]'. [C:/devWorks/PEZevenSegment/PEZevenSegment.srcs/constrs_2/new/Segment.xdc:16]
CRITICAL WARNING: [Common 17-55] 'set_property' expects at least one object. [C:/devWorks/PEZevenSegment/PEZevenSegment.srcs/constrs_2/new/Segment.xdc:16]
Resolution: If [get_<value>] was used to populate the object, check to make sure this command returns at least one valid object.
WARNING: [Vivado 12-584] No ports matched 'display1_0[3]'. [C:/devWorks/PEZevenSegment/PEZevenSegment.srcs/constrs_2/new/Segment.xdc:17]
CRITICAL WARNING: [Common 17-55] 'set_property' expects at least one object. [C:/devWorks/PEZevenSegment/PEZevenSegment.srcs/constrs_2/new/Segment.xdc:17]
Resolution: If [get_<value>] was used to populate the object, check to make sure this command returns at least one valid object.
WARNING: [Vivado 12-584] No ports matched 'display1_0[2]'. [C:/devWorks/PEZevenSegment/PEZevenSegment.srcs/constrs_2/new/Segment.xdc:18]
CRITICAL WARNING: [Common 17-55] 'set_property' expects at least one object. [C:/devWorks/PEZevenSegment/PEZevenSegment.srcs/constrs_2/new/Segment.xdc:18]
Resolution: If [get_<value>] was used to populate the object, check to make sure this command returns at least one valid object.
WARNING: [Vivado 12-584] No ports matched 'display1_0[1]'. [C:/devWorks/PEZevenSegment/PEZevenSegment.srcs/constrs_2/new/Segment.xdc:19]
CRITICAL WARNING: [Common 17-55] 'set_property' expects at least one object. [C:/devWorks/PEZevenSegment/PEZevenSegment.srcs/constrs_2/new/Segment.xdc:19]
Resolution: If [get_<value>] was used to populate the object, check to make sure this command returns at least one valid object.
WARNING: [Vivado 12-584] No ports matched 'display1_0[0]'. [C:/devWorks/PEZevenSegment/PEZevenSegment.srcs/constrs_2/new/Segment.xdc:20]
CRITICAL WARNING: [Common 17-55] 'set_property' expects at least one object. [C:/devWorks/PEZevenSegment/PEZevenSegment.srcs/constrs_2/new/Segment.xdc:20]
Resolution: If [get_<value>] was used to populate the object, check to make sure this command returns at least one valid object.
WARNING: [Vivado 12-584] No ports matched 'display1_0[0]'. [C:/devWorks/PEZevenSegment/PEZevenSegment.srcs/constrs_2/new/Segment.xdc:21]
CRITICAL WARNING: [Common 17-55] 'set_property' expects at least one object. [C:/devWorks/PEZevenSegment/PEZevenSegment.srcs/constrs_2/new/Segment.xdc:21]
Resolution: If [get_<value>] was used to populate the object, check to make sure this command returns at least one valid object.
WARNING: [Vivado 12-584] No ports matched 'display1_0[1]'. [C:/devWorks/PEZevenSegment/PEZevenSegment.srcs/constrs_2/new/Segment.xdc:22]
CRITICAL WARNING: [Common 17-55] 'set_property' expects at least one object. [C:/devWorks/PEZevenSegment/PEZevenSegment.srcs/constrs_2/new/Segment.xdc:22]
Resolution: If [get_<value>] was used to populate the object, check to make sure this command returns at least one valid object.
WARNING: [Vivado 12-584] No ports matched 'display1_0[2]'. [C:/devWorks/PEZevenSegment/PEZevenSegment.srcs/constrs_2/new/Segment.xdc:23]
CRITICAL WARNING: [Common 17-55] 'set_property' expects at least one object. [C:/devWorks/PEZevenSegment/PEZevenSegment.srcs/constrs_2/new/Segment.xdc:23]
Resolution: If [get_<value>] was used to populate the object, check to make sure this command returns at least one valid object.
WARNING: [Vivado 12-584] No ports matched 'display1_0[3]'. [C:/devWorks/PEZevenSegment/PEZevenSegment.srcs/constrs_2/new/Segment.xdc:24]
CRITICAL WARNING: [Common 17-55] 'set_property' expects at least one object. [C:/devWorks/PEZevenSegment/PEZevenSegment.srcs/constrs_2/new/Segment.xdc:24]
Resolution: If [get_<value>] was used to populate the object, check to make sure this command returns at least one valid object.
WARNING: [Vivado 12-584] No ports matched 'display1_0[4]'. [C:/devWorks/PEZevenSegment/PEZevenSegment.srcs/constrs_2/new/Segment.xdc:25]
CRITICAL WARNING: [Common 17-55] 'set_property' expects at least one object. [C:/devWorks/PEZevenSegment/PEZevenSegment.srcs/constrs_2/new/Segment.xdc:25]
Resolution: If [get_<value>] was used to populate the object, check to make sure this command returns at least one valid object.
WARNING: [Vivado 12-584] No ports matched 'display1_0[5]'. [C:/devWorks/PEZevenSegment/PEZevenSegment.srcs/constrs_2/new/Segment.xdc:26]
CRITICAL WARNING: [Common 17-55] 'set_property' expects at least one object. [C:/devWorks/PEZevenSegment/PEZevenSegment.srcs/constrs_2/new/Segment.xdc:26]
Resolution: If [get_<value>] was used to populate the object, check to make sure this command returns at least one valid object.
WARNING: [Vivado 12-584] No ports matched 'display1_0[6]'. [C:/devWorks/PEZevenSegment/PEZevenSegment.srcs/constrs_2/new/Segment.xdc:27]
CRITICAL WARNING: [Common 17-55] 'set_property' expects at least one object. [C:/devWorks/PEZevenSegment/PEZevenSegment.srcs/constrs_2/new/Segment.xdc:27]
Resolution: If [get_<value>] was used to populate the object, check to make sure this command returns at least one valid object.
WARNING: [Vivado 12-584] No ports matched 'display2_0[0]'. [C:/devWorks/PEZevenSegment/PEZevenSegment.srcs/constrs_2/new/Segment.xdc:28]
CRITICAL WARNING: [Common 17-55] 'set_property' expects at least one object. [C:/devWorks/PEZevenSegment/PEZevenSegment.srcs/constrs_2/new/Segment.xdc:28]
Resolution: If [get_<value>] was used to populate the object, check to make sure this command returns at least one valid object.
WARNING: [Vivado 12-584] No ports matched 'display2_0[1]'. [C:/devWorks/PEZevenSegment/PEZevenSegment.srcs/constrs_2/new/Segment.xdc:29]
CRITICAL WARNING: [Common 17-55] 'set_property' expects at least one object. [C:/devWorks/PEZevenSegment/PEZevenSegment.srcs/constrs_2/new/Segment.xdc:29]
Resolution: If [get_<value>] was used to populate the object, check to make sure this command returns at least one valid object.
WARNING: [Vivado 12-584] No ports matched 'display2_0[2]'. [C:/devWorks/PEZevenSegment/PEZevenSegment.srcs/constrs_2/new/Segment.xdc:30]
CRITICAL WARNING: [Common 17-55] 'set_property' expects at least one object. [C:/devWorks/PEZevenSegment/PEZevenSegment.srcs/constrs_2/new/Segment.xdc:30]
Resolution: If [get_<value>] was used to populate the object, check to make sure this command returns at least one valid object.
WARNING: [Vivado 12-584] No ports matched 'display2_0[3]'. [C:/devWorks/PEZevenSegment/PEZevenSegment.srcs/constrs_2/new/Segment.xdc:31]
CRITICAL WARNING: [Common 17-55] 'set_property' expects at least one object. [C:/devWorks/PEZevenSegment/PEZevenSegment.srcs/constrs_2/new/Segment.xdc:31]
Resolution: If [get_<value>] was used to populate the object, check to make sure this command returns at least one valid object.
WARNING: [Vivado 12-584] No ports matched 'display2_0[4]'. [C:/devWorks/PEZevenSegment/PEZevenSegment.srcs/constrs_2/new/Segment.xdc:32]
CRITICAL WARNING: [Common 17-55] 'set_property' expects at least one object. [C:/devWorks/PEZevenSegment/PEZevenSegment.srcs/constrs_2/new/Segment.xdc:32]
Resolution: If [get_<value>] was used to populate the object, check to make sure this command returns at least one valid object.
WARNING: [Vivado 12-584] No ports matched 'display2_0[5]'. [C:/devWorks/PEZevenSegment/PEZevenSegment.srcs/constrs_2/new/Segment.xdc:33]
CRITICAL WARNING: [Common 17-55] 'set_property' expects at least one object. [C:/devWorks/PEZevenSegment/PEZevenSegment.srcs/constrs_2/new/Segment.xdc:33]
Resolution: If [get_<value>] was used to populate the object, check to make sure this command returns at least one valid object.
WARNING: [Vivado 12-584] No ports matched 'display2_0[6]'. [C:/devWorks/PEZevenSegment/PEZevenSegment.srcs/constrs_2/new/Segment.xdc:34]
CRITICAL WARNING: [Common 17-55] 'set_property' expects at least one object. [C:/devWorks/PEZevenSegment/PEZevenSegment.srcs/constrs_2/new/Segment.xdc:34]
Resolution: If [get_<value>] was used to populate the object, check to make sure this command returns at least one valid object.
WARNING: [Vivado 12-584] No ports matched 'reset_0'. [C:/devWorks/PEZevenSegment/PEZevenSegment.srcs/constrs_2/new/Segment.xdc:35]
CRITICAL WARNING: [Common 17-55] 'set_property' expects at least one object. [C:/devWorks/PEZevenSegment/PEZevenSegment.srcs/constrs_2/new/Segment.xdc:35]
Resolution: If [get_<value>] was used to populate the object, check to make sure this command returns at least one valid object.
Finished Parsing XDC File [C:/devWorks/PEZevenSegment/PEZevenSegment.srcs/constrs_2/new/Segment.xdc]
Completed Processing XDC Constraints

Netlist sorting complete. Time (s): cpu = 00:00:00 ; elapsed = 00:00:00.001 . Memory (MB): peak = 1433.090 ; gain = 0.000
INFO: [Project 1-111] Unisim Transformation Summary:
No Unisim elements were transformed.

Constraint Validation Runtime : Time (s): cpu = 00:00:00 ; elapsed = 00:00:00.003 . Memory (MB): peak = 1433.090 ; gain = 0.000
---------------------------------------------------------------------------------
Finished Constraint Validation : Time (s): cpu = 00:00:20 ; elapsed = 00:00:36 . Memory (MB): peak = 1433.090 ; gain = 567.961
---------------------------------------------------------------------------------
---------------------------------------------------------------------------------
Start Loading Part and Timing Information
---------------------------------------------------------------------------------
Loading part: xc7z020clg400-1
---------------------------------------------------------------------------------
Finished Loading Part and Timing Information : Time (s): cpu = 00:00:20 ; elapsed = 00:00:36 . Memory (MB): peak = 1433.090 ; gain = 567.961
---------------------------------------------------------------------------------
---------------------------------------------------------------------------------
Start Applying 'set_property' XDC Constraints
---------------------------------------------------------------------------------
---------------------------------------------------------------------------------
Finished applying 'set_property' XDC Constraints : Time (s): cpu = 00:00:20 ; elapsed = 00:00:36 . Memory (MB): peak = 1433.090 ; gain = 567.961
---------------------------------------------------------------------------------
---------------------------------------------------------------------------------
Start Preparing Guide Design
---------------------------------------------------------------------------------
CRITICAL WARNING: [Synth 8-6895] The reference checkpoint C:/devWorks/PEZevenSegment/PEZevenSegment.srcs/utils_1/imports/synth_1/PMOD.dcp is not suitable for use with incremental synthesis for this design. Please regenerate the checkpoint for this design with -incremental_synth switch in the same Vivado session that synth_design has been run. Synthesis will continue with the default flow
---------------------------------------------------------------------------------
Finished Doing Graph Differ : Time (s): cpu = 00:00:21 ; elapsed = 00:00:36 . Memory (MB): peak = 1433.090 ; gain = 567.961
---------------------------------------------------------------------------------
---------------------------------------------------------------------------------
Finished Preparing Guide Design : Time (s): cpu = 00:00:21 ; elapsed = 00:00:36 . Memory (MB): peak = 1433.090 ; gain = 567.961
---------------------------------------------------------------------------------
---------------------------------------------------------------------------------
Finished RTL Optimization Phase 2 : Time (s): cpu = 00:00:21 ; elapsed = 00:00:37 . Memory (MB): peak = 1433.090 ; gain = 567.961
---------------------------------------------------------------------------------


Incremental Synthesis Report Summary:

1. Incremental synthesis run: no

   Reason for not running incremental synthesis : 


INFO: [Synth 8-7130] Flow is switching to default flow due to incremental criteria not met. If you would like to alter this behaviour and have the flow terminate instead, please set the following parameter config_implementation {autoIncr.Synth.RejectBehavior Terminate}
---------------------------------------------------------------------------------
Start RTL Component Statistics 
---------------------------------------------------------------------------------
Detailed RTL Component Info : 
+---Adders : 
	   2 Input   32 Bit       Adders := 1     
+---Registers : 
	                1 Bit    Registers := 1     
---------------------------------------------------------------------------------
Finished RTL Component Statistics 
---------------------------------------------------------------------------------
---------------------------------------------------------------------------------
Start Part Resource Summary
---------------------------------------------------------------------------------
Part Resources:
DSPs: 220 (col length:60)
BRAMs: 280 (col length: RAMB18 60 RAMB36 30)
---------------------------------------------------------------------------------
Finished Part Resource Summary
---------------------------------------------------------------------------------
---------------------------------------------------------------------------------
Start Cross Boundary and Area Optimization
---------------------------------------------------------------------------------
WARNING: [Synth 8-7080] Parallel synthesis criteria is not met
---------------------------------------------------------------------------------
Finished Cross Boundary and Area Optimization : Time (s): cpu = 00:00:24 ; elapsed = 00:00:42 . Memory (MB): peak = 1433.090 ; gain = 567.961
---------------------------------------------------------------------------------
---------------------------------------------------------------------------------
Start Applying XDC Timing Constraints
---------------------------------------------------------------------------------
---------------------------------------------------------------------------------
Finished Applying XDC Timing Constraints : Time (s): cpu = 00:00:32 ; elapsed = 00:00:56 . Memory (MB): peak = 1433.090 ; gain = 567.961
---------------------------------------------------------------------------------
---------------------------------------------------------------------------------
Start Timing Optimization
---------------------------------------------------------------------------------
---------------------------------------------------------------------------------
Finished Timing Optimization : Time (s): cpu = 00:00:32 ; elapsed = 00:00:56 . Memory (MB): peak = 1433.090 ; gain = 567.961
---------------------------------------------------------------------------------
---------------------------------------------------------------------------------
Start Technology Mapping
---------------------------------------------------------------------------------
---------------------------------------------------------------------------------
Finished Technology Mapping : Time (s): cpu = 00:00:32 ; elapsed = 00:00:56 . Memory (MB): peak = 1433.090 ; gain = 567.961
---------------------------------------------------------------------------------
---------------------------------------------------------------------------------
Start IO Insertion
---------------------------------------------------------------------------------
---------------------------------------------------------------------------------
Start Flattening Before IO Insertion
---------------------------------------------------------------------------------
---------------------------------------------------------------------------------
Finished Flattening Before IO Insertion
---------------------------------------------------------------------------------
---------------------------------------------------------------------------------
Start Final Netlist Cleanup
---------------------------------------------------------------------------------
---------------------------------------------------------------------------------
Finished Final Netlist Cleanup
---------------------------------------------------------------------------------
---------------------------------------------------------------------------------
Finished IO Insertion : Time (s): cpu = 00:00:38 ; elapsed = 00:01:08 . Memory (MB): peak = 1433.090 ; gain = 567.961
---------------------------------------------------------------------------------
---------------------------------------------------------------------------------
Start Renaming Generated Instances
---------------------------------------------------------------------------------
---------------------------------------------------------------------------------
Finished Renaming Generated Instances : Time (s): cpu = 00:00:38 ; elapsed = 00:01:08 . Memory (MB): peak = 1433.090 ; gain = 567.961
---------------------------------------------------------------------------------
---------------------------------------------------------------------------------
Start Rebuilding User Hierarchy
---------------------------------------------------------------------------------
---------------------------------------------------------------------------------
Finished Rebuilding User Hierarchy : Time (s): cpu = 00:00:38 ; elapsed = 00:01:08 . Memory (MB): peak = 1433.090 ; gain = 567.961
---------------------------------------------------------------------------------
---------------------------------------------------------------------------------
Start Renaming Generated Ports
---------------------------------------------------------------------------------
---------------------------------------------------------------------------------
Finished Renaming Generated Ports : Time (s): cpu = 00:00:38 ; elapsed = 00:01:08 . Memory (MB): peak = 1433.090 ; gain = 567.961
---------------------------------------------------------------------------------
---------------------------------------------------------------------------------
Start Handling Custom Attributes
---------------------------------------------------------------------------------
---------------------------------------------------------------------------------
Finished Handling Custom Attributes : Time (s): cpu = 00:00:38 ; elapsed = 00:01:08 . Memory (MB): peak = 1433.090 ; gain = 567.961
---------------------------------------------------------------------------------
---------------------------------------------------------------------------------
Start Renaming Generated Nets
---------------------------------------------------------------------------------
---------------------------------------------------------------------------------
Finished Renaming Generated Nets : Time (s): cpu = 00:00:38 ; elapsed = 00:01:08 . Memory (MB): peak = 1433.090 ; gain = 567.961
---------------------------------------------------------------------------------
---------------------------------------------------------------------------------
Start Writing Synthesis Report
---------------------------------------------------------------------------------

Report BlackBoxes: 
+-+--------------+----------+
| |BlackBox name |Instances |
+-+--------------+----------+
+-+--------------+----------+

Report Cell Usage: 
+------+-------+------+
|      |Cell   |Count |
+------+-------+------+
|1     |BUFG   |     1|
|2     |CARRY4 |    16|
|3     |LUT1   |     1|
|4     |LUT2   |     2|
|5     |LUT6   |     6|
|6     |FDRE   |    33|
|7     |IBUF   |     1|
|8     |OBUF   |     1|
+------+-------+------+
---------------------------------------------------------------------------------
Finished Writing Synthesis Report : Time (s): cpu = 00:00:38 ; elapsed = 00:01:08 . Memory (MB): peak = 1433.090 ; gain = 567.961
---------------------------------------------------------------------------------
Synthesis finished with 0 errors, 1 critical warnings and 1 warnings.
Synthesis Optimization Runtime : Time (s): cpu = 00:00:25 ; elapsed = 00:01:04 . Memory (MB): peak = 1433.090 ; gain = 498.793
Synthesis Optimization Complete : Time (s): cpu = 00:00:38 ; elapsed = 00:01:08 . Memory (MB): peak = 1433.090 ; gain = 567.961
INFO: [Project 1-571] Translating synthesized netlist
Netlist sorting complete. Time (s): cpu = 00:00:00 ; elapsed = 00:00:00.003 . Memory (MB): peak = 1433.090 ; gain = 0.000
INFO: [Netlist 29-17] Analyzing 16 Unisim elements for replacement
INFO: [Netlist 29-28] Unisim Transformation completed in 0 CPU seconds
INFO: [Project 1-570] Preparing netlist for logic optimization
INFO: [Opt 31-138] Pushed 0 inverter(s) to 0 load pin(s).
Netlist sorting complete. Time (s): cpu = 00:00:00 ; elapsed = 00:00:00 . Memory (MB): peak = 1433.090 ; gain = 0.000
INFO: [Project 1-111] Unisim Transformation Summary:
No Unisim elements were transformed.

Synth Design complete | Checksum: 585106d5
INFO: [Common 17-83] Releasing license: Synthesis
19 Infos, 33 Warnings, 33 Critical Warnings and 0 Errors encountered.
synth_design completed successfully
synth_design: Time (s): cpu = 00:00:45 ; elapsed = 00:01:21 . Memory (MB): peak = 1433.090 ; gain = 977.625
INFO: [runtcl-6] Synthesis results are not added to the cache due to CRITICAL_WARNING
INFO: [Common 17-1381] The checkpoint 'C:/devWorks/PEZevenSegment/PEZevenSegment.runs/synth_1/ClockDivider.dcp' has been generated.
INFO: [runtcl-4] Executing : report_utilization -file ClockDivider_utilization_synth.rpt -pb ClockDivider_utilization_synth.pb
INFO: [Common 17-206] Exiting Vivado at Wed Jan 10 22:43:17 2024...
