
*** Running vivado
    with args -log design_1_NOR_port_0_0.vds -m64 -product Vivado -mode batch -messageDb vivado.pb -notrace -source design_1_NOR_port_0_0.tcl


ECHO is off.
ECHO is off.

****** Vivado v2023.1 (64-bit)
  **** SW Build 3865809 on Sun May  7 15:05:29 MDT 2023
  **** IP Build 3864474 on Sun May  7 20:36:21 MDT 2023
  **** SharedData Build 3865790 on Sun May 07 13:33:03 MDT 2023
    ** Copyright 1986-2022 Xilinx, Inc. All Rights Reserved.
    ** Copyright 2022-2023 Advanced Micro Devices, Inc. All Rights Reserved.

source design_1_NOR_port_0_0.tcl -notrace
create_project: Time (s): cpu = 00:00:13 ; elapsed = 00:00:20 . Memory (MB): peak = 425.496 ; gain = 160.434
INFO: [IP_Flow 19-234] Refreshing IP repositories
INFO: [IP_Flow 19-1704] No user IP repositories specified
INFO: [IP_Flow 19-2313] Loaded Vivado IP repository 'C:/Xilinx/Vivado/2023.1/data/ip'.
INFO: [IP_Flow 19-6924] IPCACHE: Running cache check for IP inst: design_1_NOR_port_0_0
Command: synth_design -top design_1_NOR_port_0_0 -part xc7z020clg400-1 -incremental_mode off -mode out_of_context
Starting synth_design
Attempting to get a license for feature 'Synthesis' and/or device 'xc7z020'
INFO: [Common 17-349] Got license for feature 'Synthesis' and/or device 'xc7z020'
INFO: [Designutils 20-5008] Incremental synthesis strategy off
INFO: [Synth 8-7079] Multithreading enabled for synth_design using a maximum of 2 processes.
INFO: [Synth 8-7078] Launching helper process for spawning children vivado processes
INFO: [Synth 8-7075] Helper process launched with PID 9540
---------------------------------------------------------------------------------
Starting Synthesize : Time (s): cpu = 00:00:16 ; elapsed = 00:00:26 . Memory (MB): peak = 877.957 ; gain = 409.762
---------------------------------------------------------------------------------
INFO: [Synth 8-638] synthesizing module 'design_1_NOR_port_0_0' [c:/devWorks/Examen/Examen.gen/sources_1/bd/design_1/ip/design_1_NOR_port_0_0/synth/design_1_NOR_port_0_0.vhd:64]
INFO: [Synth 8-3491] module 'NOR_port' declared at 'C:/devWorks/Examen/Examen.srcs/sources_1/new/NOR_port.vhd:34' bound to instance 'U0' of component 'NOR_port' [c:/devWorks/Examen/Examen.gen/sources_1/bd/design_1/ip/design_1_NOR_port_0_0/synth/design_1_NOR_port_0_0.vhd:83]
INFO: [Synth 8-638] synthesizing module 'NOR_port' [C:/devWorks/Examen/Examen.srcs/sources_1/new/NOR_port.vhd:42]
INFO: [Synth 8-256] done synthesizing module 'NOR_port' (0#1) [C:/devWorks/Examen/Examen.srcs/sources_1/new/NOR_port.vhd:42]
INFO: [Synth 8-256] done synthesizing module 'design_1_NOR_port_0_0' (0#1) [c:/devWorks/Examen/Examen.gen/sources_1/bd/design_1/ip/design_1_NOR_port_0_0/synth/design_1_NOR_port_0_0.vhd:64]
---------------------------------------------------------------------------------
Finished Synthesize : Time (s): cpu = 00:00:19 ; elapsed = 00:00:32 . Memory (MB): peak = 969.062 ; gain = 500.867
---------------------------------------------------------------------------------
---------------------------------------------------------------------------------
Finished Constraint Validation : Time (s): cpu = 00:00:20 ; elapsed = 00:00:34 . Memory (MB): peak = 969.062 ; gain = 500.867
---------------------------------------------------------------------------------
---------------------------------------------------------------------------------
Start Loading Part and Timing Information
---------------------------------------------------------------------------------
Loading part: xc7z020clg400-1
---------------------------------------------------------------------------------
Finished Loading Part and Timing Information : Time (s): cpu = 00:00:20 ; elapsed = 00:00:34 . Memory (MB): peak = 969.062 ; gain = 500.867
---------------------------------------------------------------------------------
INFO: [Device 21-403] Loading part xc7z020clg400-1
---------------------------------------------------------------------------------
Finished RTL Optimization Phase 2 : Time (s): cpu = 00:00:21 ; elapsed = 00:00:34 . Memory (MB): peak = 969.062 ; gain = 500.867
---------------------------------------------------------------------------------
No constraint files found.
---------------------------------------------------------------------------------
Start RTL Component Statistics 
---------------------------------------------------------------------------------
Detailed RTL Component Info : 
---------------------------------------------------------------------------------
Finished RTL Component Statistics 
---------------------------------------------------------------------------------
---------------------------------------------------------------------------------
Start Part Resource Summary
---------------------------------------------------------------------------------
Part Resources:
DSPs: 220 (col length:60)
BRAMs: 280 (col length: RAMB18 60 RAMB36 30)
---------------------------------------------------------------------------------
Finished Part Resource Summary
---------------------------------------------------------------------------------
No constraint files found.
---------------------------------------------------------------------------------
Start Cross Boundary and Area Optimization
---------------------------------------------------------------------------------
WARNING: [Synth 8-7080] Parallel synthesis criteria is not met
---------------------------------------------------------------------------------
Finished Cross Boundary and Area Optimization : Time (s): cpu = 00:00:32 ; elapsed = 00:00:56 . Memory (MB): peak = 1172.777 ; gain = 704.582
---------------------------------------------------------------------------------
No constraint files found.
---------------------------------------------------------------------------------
Start Timing Optimization
---------------------------------------------------------------------------------
---------------------------------------------------------------------------------
Finished Timing Optimization : Time (s): cpu = 00:00:32 ; elapsed = 00:00:56 . Memory (MB): peak = 1173.668 ; gain = 705.473
---------------------------------------------------------------------------------
---------------------------------------------------------------------------------
Start Technology Mapping
---------------------------------------------------------------------------------
---------------------------------------------------------------------------------
Finished Technology Mapping : Time (s): cpu = 00:00:32 ; elapsed = 00:00:56 . Memory (MB): peak = 1173.668 ; gain = 705.473
---------------------------------------------------------------------------------
---------------------------------------------------------------------------------
Start IO Insertion
---------------------------------------------------------------------------------
---------------------------------------------------------------------------------
Start Flattening Before IO Insertion
---------------------------------------------------------------------------------
---------------------------------------------------------------------------------
Finished Flattening Before IO Insertion
---------------------------------------------------------------------------------
---------------------------------------------------------------------------------
Start Final Netlist Cleanup
---------------------------------------------------------------------------------
---------------------------------------------------------------------------------
Finished Final Netlist Cleanup
---------------------------------------------------------------------------------
---------------------------------------------------------------------------------
Finished IO Insertion : Time (s): cpu = 00:00:43 ; elapsed = 00:01:12 . Memory (MB): peak = 1173.668 ; gain = 705.473
---------------------------------------------------------------------------------
---------------------------------------------------------------------------------
Start Renaming Generated Instances
---------------------------------------------------------------------------------
---------------------------------------------------------------------------------
Finished Renaming Generated Instances : Time (s): cpu = 00:00:43 ; elapsed = 00:01:12 . Memory (MB): peak = 1173.668 ; gain = 705.473
---------------------------------------------------------------------------------
---------------------------------------------------------------------------------
Start Rebuilding User Hierarchy
---------------------------------------------------------------------------------
---------------------------------------------------------------------------------
Finished Rebuilding User Hierarchy : Time (s): cpu = 00:00:43 ; elapsed = 00:01:12 . Memory (MB): peak = 1173.668 ; gain = 705.473
---------------------------------------------------------------------------------
---------------------------------------------------------------------------------
Start Renaming Generated Ports
---------------------------------------------------------------------------------
---------------------------------------------------------------------------------
Finished Renaming Generated Ports : Time (s): cpu = 00:00:43 ; elapsed = 00:01:12 . Memory (MB): peak = 1173.668 ; gain = 705.473
---------------------------------------------------------------------------------
---------------------------------------------------------------------------------
Start Handling Custom Attributes
---------------------------------------------------------------------------------
---------------------------------------------------------------------------------
Finished Handling Custom Attributes : Time (s): cpu = 00:00:43 ; elapsed = 00:01:12 . Memory (MB): peak = 1173.668 ; gain = 705.473
---------------------------------------------------------------------------------
---------------------------------------------------------------------------------
Start Renaming Generated Nets
---------------------------------------------------------------------------------
---------------------------------------------------------------------------------
Finished Renaming Generated Nets : Time (s): cpu = 00:00:43 ; elapsed = 00:01:12 . Memory (MB): peak = 1173.668 ; gain = 705.473
---------------------------------------------------------------------------------
---------------------------------------------------------------------------------
Start Writing Synthesis Report
---------------------------------------------------------------------------------

Report BlackBoxes: 
+-+--------------+----------+
| |BlackBox name |Instances |
+-+--------------+----------+
+-+--------------+----------+

Report Cell Usage: 
+------+-----+------+
|      |Cell |Count |
+------+-----+------+
|1     |LUT2 |     1|
+------+-----+------+

Report Instance Areas: 
+------+---------+-------+------+
|      |Instance |Module |Cells |
+------+---------+-------+------+
|1     |top      |       |     1|
+------+---------+-------+------+
---------------------------------------------------------------------------------
Finished Writing Synthesis Report : Time (s): cpu = 00:00:43 ; elapsed = 00:01:12 . Memory (MB): peak = 1173.668 ; gain = 705.473
---------------------------------------------------------------------------------
Synthesis finished with 0 errors, 0 critical warnings and 1 warnings.
Synthesis Optimization Runtime : Time (s): cpu = 00:00:43 ; elapsed = 00:01:12 . Memory (MB): peak = 1173.668 ; gain = 705.473
Synthesis Optimization Complete : Time (s): cpu = 00:00:43 ; elapsed = 00:01:12 . Memory (MB): peak = 1173.668 ; gain = 705.473
INFO: [Project 1-571] Translating synthesized netlist
Netlist sorting complete. Time (s): cpu = 00:00:00 ; elapsed = 00:00:00 . Memory (MB): peak = 1185.688 ; gain = 0.000
INFO: [Project 1-570] Preparing netlist for logic optimization
INFO: [Opt 31-138] Pushed 0 inverter(s) to 0 load pin(s).
Netlist sorting complete. Time (s): cpu = 00:00:00 ; elapsed = 00:00:00 . Memory (MB): peak = 1290.562 ; gain = 0.000
INFO: [Project 1-111] Unisim Transformation Summary:
No Unisim elements were transformed.

Synth Design complete | Checksum: 8a72a34
INFO: [Common 17-83] Releasing license: Synthesis
20 Infos, 1 Warnings, 0 Critical Warnings and 0 Errors encountered.
synth_design completed successfully
synth_design: Time (s): cpu = 00:00:47 ; elapsed = 00:01:20 . Memory (MB): peak = 1290.562 ; gain = 826.352
INFO: [Timing 38-35] Done setting XDC timing constraints.
INFO: [Common 17-1381] The checkpoint 'C:/devWorks/Examen/Examen.runs/design_1_NOR_port_0_0_synth_1/design_1_NOR_port_0_0.dcp' has been generated.
write_checkpoint: Time (s): cpu = 00:00:17 ; elapsed = 00:00:27 . Memory (MB): peak = 1557.324 ; gain = 266.762
INFO: [Coretcl 2-1648] Added synthesis output to IP cache for IP design_1_NOR_port_0_0, cache-ID = 77ee940c8fcaeb9d
INFO: [Common 17-1381] The checkpoint 'C:/devWorks/Examen/Examen.runs/design_1_NOR_port_0_0_synth_1/design_1_NOR_port_0_0.dcp' has been generated.
INFO: [runtcl-4] Executing : report_utilization -file design_1_NOR_port_0_0_utilization_synth.rpt -pb design_1_NOR_port_0_0_utilization_synth.pb
INFO: [Common 17-206] Exiting Vivado at Tue Nov 14 15:03:01 2023...
